test_active_or_reverse_mode_refused (test_sm5440_adc_rearm.RearmTests.test_active_or_reverse_mode_refused) ... ok
test_disable_failure_does_not_wait (test_sm5440_adc_rearm.RearmTests.test_disable_failure_does_not_wait) ... ok
test_no_changes_to_frozen_converter_and_admission (test_sm5440_adc_rearm.RearmTests.test_no_changes_to_frozen_converter_and_admission) ... ok
test_pm_cancel_during_wait_keeps_adc_off (test_sm5440_adc_rearm.RearmTests.test_pm_cancel_during_wait_keeps_adc_off) ... ok
test_preamble_failure_cannot_start_converter (test_sm5440_adc_rearm.RearmTests.test_preamble_failure_cannot_start_converter) ... ok
test_read_failure_does_not_write_or_wait (test_sm5440_adc_rearm.RearmTests.test_read_failure_does_not_write_or_wait) ... ok
test_stopped_before_start_has_no_i2c (test_sm5440_adc_rearm.RearmTests.test_stopped_before_start_has_no_i2c) ... ok
test_wait_after_verified_disable_without_lock (test_sm5440_adc_rearm.RearmTests.test_wait_after_verified_disable_without_lock) ... ok
test_exact_separate_profile_and_refused_ordinary_enable (test_sm5440_adc_condition.ConditionProfileTests.test_exact_separate_profile_and_refused_ordinary_enable) ... ok
test_existing_profiles_accept_new_inactive_declaration (test_sm5440_adc_condition.ConditionProfileTests.test_existing_profiles_accept_new_inactive_declaration) ... ok
test_kconfig_built_in_dependency_and_no_default_enable (test_sm5440_adc_condition.ConditionProfileTests.test_kconfig_built_in_dependency_and_no_default_enable) ... ok
test_policy_and_diagnostic_cannot_be_combined (test_sm5440_adc_condition.ConditionProfileTests.test_policy_and_diagnostic_cannot_be_combined) ... ok
test_active_mode_refused_before_condition_write (test_sm5440_adc_condition.ConditionTransactionTests.test_active_mode_refused_before_condition_write) ... ok
test_adc_disable_readback_refused_before_enhiz_mutation (test_sm5440_adc_condition.ConditionTransactionTests.test_adc_disable_readback_refused_before_enhiz_mutation) ... ok
test_cancel_during_converter_wait_restores (test_sm5440_adc_condition.ConditionTransactionTests.test_cancel_during_converter_wait_restores) ... ok
test_cancel_during_unlocked_rearm_restores (test_sm5440_adc_condition.ConditionTransactionTests.test_cancel_during_unlocked_rearm_restores) ... ok
test_diagnostic_has_no_publish_reschedule_or_resume_rearm (test_sm5440_adc_condition.ConditionTransactionTests.test_diagnostic_has_no_publish_reschedule_or_resume_rearm) ... ok
test_every_actual_bus_failure_has_no_grant_and_restore_accounting (test_sm5440_adc_condition.ConditionTransactionTests.test_every_actual_bus_failure_has_no_grant_and_restore_accounting) ... ok
test_initial_clear_bit_and_other_bits_preserved (test_sm5440_adc_condition.ConditionTransactionTests.test_initial_clear_bit_and_other_bits_preserved) ... ok
test_native_error_and_cleanup_error_both_preserved (test_sm5440_adc_condition.ConditionTransactionTests.test_native_error_and_cleanup_error_both_preserved) ... ok
test_normal_preprocessed_driver_paths_are_identical (test_sm5440_adc_condition.ConditionTransactionTests.test_normal_preprocessed_driver_paths_are_identical) ... ok
test_one_actual_converter_restores_bit_and_preserves_decode (test_sm5440_adc_condition.ConditionTransactionTests.test_one_actual_converter_restores_bit_and_preserves_decode) ... ok
test_original_converter_rearm_quiesce_and_thresholds_unchanged (test_sm5440_adc_condition.ConditionTransactionTests.test_original_converter_rearm_quiesce_and_thresholds_unchanged) ... ok
test_readback_mismatch_refuses_and_restores (test_sm5440_adc_condition.ConditionTransactionTests.test_readback_mismatch_refuses_and_restores) ... ok
test_restoration_readback_mismatch_keeps_pending_fault (test_sm5440_adc_condition.ConditionTransactionTests.test_restoration_readback_mismatch_keeps_pending_fault) ... ok
test_snapshot_fields_validity_not_zero_fabrication (test_sm5440_adc_condition.ConditionTransactionTests.test_snapshot_fields_validity_not_zero_fabrication) ... ok
test_stopped_dying_fault_second_attempt_do_not_touch_bus (test_sm5440_adc_condition.ConditionTransactionTests.test_stopped_dying_fault_second_attempt_do_not_touch_bus) ... ok
test_timeout_restores_without_masking_first_error (test_sm5440_adc_condition.ConditionTransactionTests.test_timeout_restores_without_masking_first_error) ... ok
test_uncertain_enhiz_write_is_restored (test_sm5440_adc_condition.ConditionTransactionTests.test_uncertain_enhiz_write_is_restored) ... ok
test_acquisition_timestamp_precedes_converter_wait_and_publication (test_sm5440_passive.PassiveHardwareTests.test_acquisition_timestamp_precedes_converter_wait_and_publication) ... ok
test_adc_timeout_and_suspend_cancel_bounded (test_sm5440_passive.PassiveHardwareTests.test_adc_timeout_and_suspend_cancel_bounded) ... ok
test_all_vendor_fault_bits_and_lost_mode_vbus (test_sm5440_passive.PassiveHardwareTests.test_all_vendor_fault_bits_and_lost_mode_vbus) ... ok
test_complete_conversion_waits_past_stale_ready (test_sm5440_passive.PassiveHardwareTests.test_complete_conversion_waits_past_stale_ready) ... ok
test_consumed_irq_fault_stays_latched_without_retry (test_sm5440_passive.PassiveHardwareTests.test_consumed_irq_fault_stays_latched_without_retry) ... ok
test_each_i2c_failure_cannot_publish_complete_sample (test_sm5440_passive.PassiveHardwareTests.test_each_i2c_failure_cannot_publish_complete_sample) ... ok
test_first_fault_preserves_latch_and_live_provenance (test_sm5440_passive.PassiveHardwareTests.test_first_fault_preserves_latch_and_live_provenance) ... ok
test_off_preserves_unrelated_bits_and_reports_i2c_failure (test_sm5440_passive.PassiveHardwareTests.test_off_preserves_unrelated_bits_and_reports_i2c_failure) ... ok
test_pending_resume_is_refused (test_sm5440_passive.PassiveHardwareTests.test_pending_resume_is_refused) ... ok
test_real_power_supply_getter_units_and_unavailable_conversion (test_sm5440_passive.PassiveHardwareTests.test_real_power_supply_getter_units_and_unavailable_conversion) ... ok
test_register_bounds_and_round_down (test_sm5440_passive.PassiveHardwareTests.test_register_bounds_and_round_down) ... ok
test_running_pump_and_invalid_pack_rejected (test_sm5440_passive.PassiveHardwareTests.test_running_pump_and_invalid_pack_rejected) ... ok
test_startup_classifier_bounds_and_fault_sources (test_sm5440_passive.PassiveHardwareTests.test_startup_classifier_bounds_and_fault_sources) ... ok
test_startup_deadline_protection_detach_and_i2c_fail_closed (test_sm5440_passive.PassiveHardwareTests.test_startup_deadline_protection_detach_and_i2c_fail_closed) ... ok
test_startup_live_or_recurrent_revblk_stays_failure (test_sm5440_passive.PassiveHardwareTests.test_startup_live_or_recurrent_revblk_stays_failure) ... ok
test_startup_nine_volts_or_nonzero_current_not_exempted (test_sm5440_passive.PassiveHardwareTests.test_startup_nine_volts_or_nonzero_current_not_exempted) ... ok
test_startup_revblk_needs_two_new_confirmations (test_sm5440_passive.PassiveHardwareTests.test_startup_revblk_needs_two_new_confirmations) ... ok
test_startup_vbatovp_never_exempted (test_sm5440_passive.PassiveHardwareTests.test_startup_vbatovp_never_exempted) ... ok
test_suspend_during_startup_cannot_clear_fault (test_sm5440_passive.PassiveHardwareTests.test_suspend_during_startup_cannot_clear_fault) ... ok
test_vendor_adc_scales_and_endianness (test_sm5440_passive.PassiveHardwareTests.test_vendor_adc_scales_and_endianness) ... ok
test_default_stage2_gate_still_rejects_passive_enable (test_sm5440_passive.PassiveProfileTests.test_default_stage2_gate_still_rejects_passive_enable) ... ok
test_exact_resolved_profile_and_protected_changes_rejected (test_sm5440_passive.PassiveProfileTests.test_exact_resolved_profile_and_protected_changes_rejected) ... ok
test_invalid_profile_rejected_before_any_source_or_build_operation (test_sm5440_passive.PassiveProfileTests.test_invalid_profile_rejected_before_any_source_or_build_operation) ... ok
test_primary_dt_fragment_and_gpi_stay_frozen (test_sm5440_passive.PassiveProfileTests.test_primary_dt_fragment_and_gpi_stay_frozen) ... ok
test_active_mode_all_bus_errors_remain_invalid_without_touching_pump (test_sm5440_conversion.ConversionTests.test_active_mode_all_bus_errors_remain_invalid_without_touching_pump) ... ok
test_cancel_during_rearm_or_conversion_disables_and_preserves_error (test_sm5440_conversion.ConversionTests.test_cancel_during_rearm_or_conversion_disables_and_preserves_error) ... ok
test_default_disabled_has_no_bus_access_or_enabled_converter (test_sm5440_conversion.ConversionTests.test_default_disabled_has_no_bus_access_or_enabled_converter) ... ok
test_delayed_bus_crossing_deadline_cannot_publish_fresh (test_sm5440_conversion.ConversionTests.test_delayed_bus_crossing_deadline_cannot_publish_fresh) ... ok
test_dropped_writes_require_real_readback_not_successful_bus_status (test_sm5440_conversion.ConversionTests.test_dropped_writes_require_real_readback_not_successful_bus_status) ... ok
test_each_live_and_latched_hardware_fault_is_retained_and_rejected (test_sm5440_conversion.ConversionTests.test_each_live_and_latched_hardware_fault_is_retained_and_rejected) ... ok
test_every_single_bus_error_invalidates_with_no_converter_retry (test_sm5440_conversion.ConversionTests.test_every_single_bus_error_invalidates_with_no_converter_retry) ... ok
test_fault_generation_and_control_drift_refuse_measurement (test_sm5440_conversion.ConversionTests.test_fault_generation_and_control_drift_refuse_measurement) ... ok
test_identity_epoch_foreign_conversion_and_prefault_refuse_start (test_sm5440_conversion.ConversionTests.test_identity_epoch_foreign_conversion_and_prefault_refuse_start) ... ok
test_microvolt_voltage_is_preserved_alongside_core_millivolts (test_sm5440_conversion.ConversionTests.test_microvolt_voltage_is_preserved_alongside_core_millivolts) ... ok
test_native_clock_regression_and_request_timeout (test_sm5440_conversion.ConversionTests.test_native_clock_regression_and_request_timeout) ... ok
test_off_conversion_preserves_original_fields_and_oldest_time (test_sm5440_conversion.ConversionTests.test_off_conversion_preserves_original_fields_and_oldest_time) ... ok
test_old_ready_cannot_finish_new_conversion_and_raw_latch_is_retained (test_sm5440_conversion.ConversionTests.test_old_ready_cannot_finish_new_conversion_and_raw_latch_is_retained) ... ok
test_persistent_bus_loss_preserves_unknown_cleanup_and_first_error (test_sm5440_conversion.ConversionTests.test_persistent_bus_loss_preserves_unknown_cleanup_and_first_error) ... ok
test_running_conversion_preserves_625ua_and_never_changes_pump_mode (test_sm5440_conversion.ConversionTests.test_running_conversion_preserves_625ua_and_never_changes_pump_mode) ... ok
test_same_millisecond_polling_cannot_run_forever (test_sm5440_conversion.ConversionTests.test_same_millisecond_polling_cannot_run_forever) ... ok
test_absent_debugfs_and_partial_setup_leave_no_directory (test_sm5440_snapshot.SnapshotTests.test_absent_debugfs_and_partial_setup_leave_no_directory) ... ok
test_cached_raw_and_explicit_units_preserved (test_sm5440_snapshot.SnapshotTests.test_cached_raw_and_explicit_units_preserved) ... ok
test_existing_passive_freshness_boundary (test_sm5440_snapshot.SnapshotTests.test_existing_passive_freshness_boundary) ... ok
test_future_timestamp_cannot_be_fresh (test_sm5440_snapshot.SnapshotTests.test_future_timestamp_cannot_be_fresh) ... ok
test_long_fault_cache_age_does_not_truncate (test_sm5440_snapshot.SnapshotTests.test_long_fault_cache_age_does_not_truncate) ... ok
test_no_calibration_or_activation_claim (test_sm5440_snapshot.SnapshotTests.test_no_calibration_or_activation_claim) ... ok
test_no_sample_never_looks_fresh (test_sm5440_snapshot.SnapshotTests.test_no_sample_never_looks_fresh) ... ok
test_one_coherent_copy_and_format_outside_lock (test_sm5440_snapshot.SnapshotTests.test_one_coherent_copy_and_format_outside_lock) ... ok
test_pending_fault_stopped_invalid_and_live_fault_are_unavailable (test_sm5440_snapshot.SnapshotTests.test_pending_fault_stopped_invalid_and_live_fault_are_unavailable) ... ok
test_read_only_file_and_cleanup_registered (test_sm5440_snapshot.SnapshotTests.test_read_only_file_and_cleanup_registered) ... ok
test_retained_startup_is_distinct_from_current (test_sm5440_snapshot.SnapshotTests.test_retained_startup_is_distinct_from_current) ... ok
test_absent_provider (test_sm5440_fresh_request.FreshRequestTests.test_absent_provider) ... ok
test_active_mode_is_refused (test_sm5440_fresh_request.FreshRequestTests.test_active_mode_is_refused) ... ok
test_busy_io_is_refused_without_wait (test_sm5440_fresh_request.FreshRequestTests.test_busy_io_is_refused_without_wait) ... ok
test_clock_reversal_refused (test_sm5440_fresh_request.FreshRequestTests.test_clock_reversal_refused) ... ok
test_concurrent_unpublish_drains_reference_before_free (test_sm5440_fresh_request.FreshRequestTests.test_concurrent_unpublish_drains_reference_before_free) ... ok
test_detach_is_not_fabricated_online (test_sm5440_fresh_request.FreshRequestTests.test_detach_is_not_fabricated_online) ... ok
test_exact_total_delivery_boundary (test_sm5440_fresh_request.FreshRequestTests.test_exact_total_delivery_boundary) ... ok
test_faults_and_i2c_error_never_queue (test_sm5440_fresh_request.FreshRequestTests.test_faults_and_i2c_error_never_queue) ... ok
test_final_release_delay_consumes_budget (test_sm5440_fresh_request.FreshRequestTests.test_final_release_delay_consumes_budget) ... ok
test_future_timestamp_rejected (test_sm5440_fresh_request.FreshRequestTests.test_future_timestamp_rejected) ... ok
test_hardware_sequence_and_user_interfaces_not_expanded (test_sm5440_fresh_request.FreshRequestTests.test_hardware_sequence_and_user_interfaces_not_expanded) ... ok
test_i2c_error_at_completion_refused (test_sm5440_fresh_request.FreshRequestTests.test_i2c_error_at_completion_refused) ... ok
test_initial_registry_delay_consumes_budget (test_sm5440_fresh_request.FreshRequestTests.test_initial_registry_delay_consumes_budget) ... ok
test_late_delivery_rejected (test_sm5440_fresh_request.FreshRequestTests.test_late_delivery_rejected) ... ok
test_mode_changed_during_conversion_refused (test_sm5440_fresh_request.FreshRequestTests.test_mode_changed_during_conversion_refused) ... ok
test_new_conversion_preserves_units_and_acquisition_start (test_sm5440_fresh_request.FreshRequestTests.test_new_conversion_preserves_units_and_acquisition_start) ... ok
test_null_destination (test_sm5440_fresh_request.FreshRequestTests.test_null_destination) ... ok
test_old_inflight_conversion_in_same_millisecond_rejected (test_sm5440_fresh_request.FreshRequestTests.test_old_inflight_conversion_in_same_millisecond_rejected) ... ok
test_older_acquisition_rejected (test_sm5440_fresh_request.FreshRequestTests.test_older_acquisition_rejected) ... ok
test_only_one_request_reserved (test_sm5440_fresh_request.FreshRequestTests.test_only_one_request_reserved) ... ok
test_spurious_wake_without_new_completion_cannot_pass (test_sm5440_fresh_request.FreshRequestTests.test_spurious_wake_without_new_completion_cannot_pass) ... ok
test_startup_pending_and_invalid_sample_never_queue (test_sm5440_fresh_request.FreshRequestTests.test_startup_pending_and_invalid_sample_never_queue) ... ok
test_startup_pending_at_completion_refused (test_sm5440_fresh_request.FreshRequestTests.test_startup_pending_at_completion_refused) ... ok
test_stopped_provider_never_queues (test_sm5440_fresh_request.FreshRequestTests.test_stopped_provider_never_queues) ... ok
test_suspend_resume_cannot_restore_old_request_epoch (test_sm5440_fresh_request.FreshRequestTests.test_suspend_resume_cannot_restore_old_request_epoch) ... ok
test_suspend_wakes_and_refuses (test_sm5440_fresh_request.FreshRequestTests.test_suspend_wakes_and_refuses) ... ok
test_timeout_cannot_return_old_cache (test_sm5440_fresh_request.FreshRequestTests.test_timeout_cannot_return_old_cache) ... ok
test_worker_busy_at_delivery_refused (test_sm5440_fresh_request.FreshRequestTests.test_worker_busy_at_delivery_refused) ... ok
test_admission_failures_never_queue (test_sm5440_passive_observation.PassiveObservationTests.test_admission_failures_never_queue) ... ok
test_budget_boundaries_and_release_delay (test_sm5440_passive_observation.PassiveObservationTests.test_budget_boundaries_and_release_delay) ... ok
test_i2c_active_pending_and_copy_contention_clear_output (test_sm5440_passive_observation.PassiveObservationTests.test_i2c_active_pending_and_copy_contention_clear_output) ... ok
test_legacy_and_diagnostic_requests_share_exclusion (test_sm5440_passive_observation.PassiveObservationTests.test_legacy_and_diagnostic_requests_share_exclusion) ... ok
test_legacy_functions_converter_and_quiesce_remain_frozen (test_sm5440_passive_observation.PassiveObservationTests.test_legacy_functions_converter_and_quiesce_remain_frozen) ... ok
test_null_and_absent_provider (test_sm5440_passive_observation.PassiveObservationTests.test_null_and_absent_provider) ... ok
test_offline_is_retained_as_fact (test_sm5440_passive_observation.PassiveObservationTests.test_offline_is_retained_as_fact) ... ok
test_same_millisecond_conversion_needs_new_sequence (test_sm5440_passive_observation.PassiveObservationTests.test_same_millisecond_conversion_needs_new_sequence) ... ok
test_slow_new_observation_reports_original_age_not_fresh_grant (test_sm5440_passive_observation.PassiveObservationTests.test_slow_new_observation_reports_original_age_not_fresh_grant) ... ok
test_suspend_and_resume_epoch_do_not_adopt_old_work (test_sm5440_passive_observation.PassiveObservationTests.test_suspend_and_resume_epoch_do_not_adopt_old_work) ... ok
test_timestamp_zero_backward_future_or_old_conversion (test_sm5440_passive_observation.PassiveObservationTests.test_timestamp_zero_backward_future_or_old_conversion) ... ok
test_unpublish_wakes_and_drains_real_lifetime_thread (test_sm5440_passive_observation.PassiveObservationTests.test_unpublish_wakes_and_drains_real_lifetime_thread) ... ok
test_wait_timeout_does_not_cancel_or_retry_monitor (test_sm5440_passive_observation.PassiveObservationTests.test_wait_timeout_does_not_cancel_or_retry_monitor) ... ok
test_actual_suspend_resume_invalidates_pre_pm_acquisition (test_sm5714_pack_snapshot.PackSnapshotTests.test_actual_suspend_resume_invalidates_pre_pm_acquisition) ... ok
test_admission_pm_fault_removal_and_exhausted_epoch (test_sm5714_pack_snapshot.PackSnapshotTests.test_admission_pm_fault_removal_and_exhausted_epoch) ... ok
test_budget_and_lease_aba_refused (test_sm5714_pack_snapshot.PackSnapshotTests.test_budget_and_lease_aba_refused) ... ok
test_busy_and_missing_provider_do_no_hardware_io (test_sm5714_pack_snapshot.PackSnapshotTests.test_busy_and_missing_provider_do_no_hardware_io) ... ok
test_every_native_io_and_thermistor_error_zeroes_output (test_sm5714_pack_snapshot.PackSnapshotTests.test_every_native_io_and_thermistor_error_zeroes_output) ... ok
test_exact_owned_lease_accepts_pps_without_request_or_control_write (test_sm5714_pack_snapshot.PackSnapshotTests.test_exact_owned_lease_accepts_pps_without_request_or_control_write) ... ok
test_fault_and_post_acquisition_busy_refused (test_sm5714_pack_snapshot.PackSnapshotTests.test_fault_and_post_acquisition_busy_refused) ... ok
test_invalid_voltage_or_pack_thermistor_refused (test_sm5714_pack_snapshot.PackSnapshotTests.test_invalid_voltage_or_pack_thermistor_refused) ... ok
test_lifetime_and_core_lock_boundaries_are_actual_source (test_sm5714_pack_snapshot.PackSnapshotTests.test_lifetime_and_core_lock_boundaries_are_actual_source) ... ok
test_live_presence_attach_ovp_and_watchdog_change_refused (test_sm5714_pack_snapshot.PackSnapshotTests.test_live_presence_attach_ovp_and_watchdog_change_refused) ... ok
test_native_sram_iio_window_and_signed_discharge_current (test_sm5714_pack_snapshot.PackSnapshotTests.test_native_sram_iio_window_and_signed_discharge_current) ... ok
test_null_output_does_not_pin_or_read (test_sm5714_pack_snapshot.PackSnapshotTests.test_null_output_does_not_pin_or_read) ... ok
test_offline_absent_fault_or_cold_pack_is_not_healthy_charging (test_sm5714_pack_snapshot.PackSnapshotTests.test_offline_absent_fault_or_cold_pack_is_not_healthy_charging) ... ok
test_oldest_time_deadline_and_clock_rollback_zero_not_restamped (test_sm5714_pack_snapshot.PackSnapshotTests.test_oldest_time_deadline_and_clock_rollback_zero_not_restamped) ... ok
test_present_property_uses_vendor_status_and_propagates_io_error (test_sm5714_pack_snapshot.PackSnapshotTests.test_present_property_uses_vendor_status_and_propagates_io_error) ... ok
test_publish_refuses_wrapped_identity_or_undrained_readers (test_sm5714_pack_snapshot.PackSnapshotTests.test_publish_refuses_wrapped_identity_or_undrained_readers) ... ok
test_thermal_state_change_invalidates_bundle (test_sm5714_pack_snapshot.PackSnapshotTests.test_thermal_state_change_invalidates_bundle) ... ok
test_unpublish_drains_real_pinned_iio_before_free (test_sm5714_pack_snapshot.PackSnapshotTests.test_unpublish_drains_real_pinned_iio_before_free) ... ok
test_wrong_or_unowned_lease_never_reads_sensor (test_sm5714_pack_snapshot.PackSnapshotTests.test_wrong_or_unowned_lease_never_reads_sensor) ... ok
test_9v_three_amp_offer_draws_at_most_1500ma (test_sm5714_stage2_pd.Stage2ChargeTests.test_9v_three_amp_offer_draws_at_most_1500ma) ... ok
test_contract_current_is_respected (test_sm5714_stage2_pd.Stage2ChargeTests.test_contract_current_is_respected) ... ok
test_pd_program_readback_faults_never_enable_q4 (test_sm5714_stage2_pd.Stage2ChargeTests.test_pd_program_readback_faults_never_enable_q4) ... ok
test_same_thermal_limits_and_float (test_sm5714_stage2_pd.Stage2ChargeTests.test_same_thermal_limits_and_float) ... ok
test_tcpm_off_and_suspend_inhibit_async_charge (test_sm5714_stage2_pd.Stage2ChargeTests.test_tcpm_off_and_suspend_inhibit_async_charge) ... ok
test_zero_and_subminimum_standby_budget_open_q4 (test_sm5714_stage2_pd.Stage2ChargeTests.test_zero_and_subminimum_standby_budget_open_q4) ... ok
test_first_fault_survives_enable_and_rebind (test_sm5714_stage2_pd.Stage2CompanionTests.test_first_fault_survives_enable_and_rebind) ... ok
test_grant_preserved_actual_draw_capped (test_sm5714_stage2_pd.Stage2CompanionTests.test_grant_preserved_actual_draw_capped) ... ok
test_invalid_voltage_latches_off (test_sm5714_stage2_pd.Stage2CompanionTests.test_invalid_voltage_latches_off) ... ok
test_not_ready_supplier_defers_without_pointer_access (test_sm5714_stage2_pd.Stage2CompanionTests.test_not_ready_supplier_defers_without_pointer_access) ... ok
test_pending_probe_claim_keeps_retained_high_input_inhibited (test_sm5714_stage2_pd.Stage2CompanionTests.test_pending_probe_claim_keeps_retained_high_input_inhibited) ... ok
test_program_failure_stays_inhibited_after_io_recovers (test_sm5714_stage2_pd.Stage2CompanionTests.test_program_failure_stays_inhibited_after_io_recovers) ... ok
test_suspended_callback_cannot_reenable (test_sm5714_stage2_pd.Stage2CompanionTests.test_suspended_callback_cannot_reenable) ... ok
test_zero_budget_and_explicit_charge_off (test_sm5714_stage2_pd.Stage2CompanionTests.test_zero_budget_and_explicit_charge_off) ... ok
test_build_default_gate_does_not_reject_separate_diagnostic_delta (test_sm5714_stage2_pd.Stage2ConfigTests.test_build_default_gate_does_not_reject_separate_diagnostic_delta) ... ok
test_dcc_and_other_hardware_changes_fail (test_sm5714_stage2_pd.Stage2ConfigTests.test_dcc_and_other_hardware_changes_fail) ... ok
test_every_test254_prerequisite_stays_builtin (test_sm5714_stage2_pd.Stage2ConfigTests.test_every_test254_prerequisite_stays_builtin) ... ok
test_exact_one_symbol_delta (test_sm5714_stage2_pd.Stage2ConfigTests.test_exact_one_symbol_delta) ... ok
test_forbidden_features_and_missing_transport_fail (test_sm5714_stage2_pd.Stage2ConfigTests.test_forbidden_features_and_missing_transport_fail) ... ok
test_fragment_and_default_build_gate (test_sm5714_stage2_pd.Stage2ConfigTests.test_fragment_and_default_build_gate) ... ok
test_kbuild_no_core_patch_or_advanced_transport (test_sm5714_stage2_pd.Stage2ConfigTests.test_kbuild_no_core_patch_or_advanced_transport) ... ok
test_minimum_sink_topology (test_sm5714_stage2_pd.Stage2ConfigTests.test_minimum_sink_topology) ... ok
test_stage2_probe_inhibited_before_tcpc_claim (test_sm5714_stage2_pd.Stage2ConfigTests.test_stage2_probe_inhibited_before_tcpc_claim) ... ok
test_cap_mismatch_does_not_exceed_source_operating_current (test_sm5714_stage2_pd.Stage2TransportTests.test_cap_mismatch_does_not_exceed_source_operating_current) ... ok
test_cc_polarity_and_rp_levels (test_sm5714_stage2_pd.Stage2TransportTests.test_cc_polarity_and_rp_levels) ... ok
test_each_init_transfer_failure_latches_charge_off (test_sm5714_stage2_pd.Stage2TransportTests.test_each_init_transfer_failure_latches_charge_off) ... ok
test_failed_level_irq_clear_disables_irq_and_charge (test_sm5714_stage2_pd.Stage2TransportTests.test_failed_level_irq_clear_disables_irq_and_charge) ... ok
test_fixed_request_voltage_and_current_guard (test_sm5714_stage2_pd.Stage2TransportTests.test_fixed_request_voltage_and_current_guard) ... ok
test_hard_reset_completion_and_error_precedence (test_sm5714_stage2_pd.Stage2TransportTests.test_hard_reset_completion_and_error_precedence) ... ok
test_host_source_vconn_and_vbus_rejected (test_sm5714_stage2_pd.Stage2TransportTests.test_host_source_vconn_and_vbus_rejected) ... ok
test_init_sink_only_and_header_bits_preserved (test_sm5714_stage2_pd.Stage2TransportTests.test_init_sink_only_and_header_bits_preserved) ... ok
test_local_source_accessory_states_not_accepted (test_sm5714_stage2_pd.Stage2TransportTests.test_local_source_accessory_states_not_accepted) ... ok
test_only_rd_and_open_allowed (test_sm5714_stage2_pd.Stage2TransportTests.test_only_rd_and_open_allowed) ... ok
test_rx_sop_delivered_and_cable_frames_ignored (test_sm5714_stage2_pd.Stage2TransportTests.test_rx_sop_delivered_and_cable_frames_ignored) ... ok
test_rx_transfer_failures_do_not_deliver_partial_frames (test_sm5714_stage2_pd.Stage2TransportTests.test_rx_transfer_failures_do_not_deliver_partial_frames) ... ok

----------------------------------------------------------------------
Ran 175 tests in 7.774s

OK
