test_active_adc_wrong_chip_or_pump_admission_has_no_writes (test_sm5440_adc_timing.TimingHardwareTests.test_active_adc_wrong_chip_or_pump_admission_has_no_writes) ... ok
test_cancel_clock_rollback_and_total_deadline (test_sm5440_adc_timing.TimingHardwareTests.test_cancel_clock_rollback_and_total_deadline) ... FAIL
test_eight_new_ready_events_and_exact_restore (test_sm5440_adc_timing.TimingHardwareTests.test_eight_new_ready_events_and_exact_restore) ... FAIL
test_every_single_transfer_error_refuses_and_no_hidden_second_finish (test_sm5440_adc_timing.TimingHardwareTests.test_every_single_transfer_error_refuses_and_no_hidden_second_finish) ... FAIL
test_fault_mode_source_control_and_channel_change_stop (test_sm5440_adc_timing.TimingHardwareTests.test_fault_mode_source_control_and_channel_change_stop) ... 
  test_fault_mode_source_control_and_channel_change_stop (test_sm5440_adc_timing.TimingHardwareTests.test_fault_mode_source_control_and_channel_change_stop) (scenario=2) ... FAIL
  test_fault_mode_source_control_and_channel_change_stop (test_sm5440_adc_timing.TimingHardwareTests.test_fault_mode_source_control_and_channel_change_stop) (scenario=3) ... FAIL
  test_fault_mode_source_control_and_channel_change_stop (test_sm5440_adc_timing.TimingHardwareTests.test_fault_mode_source_control_and_channel_change_stop) (scenario=4) ... FAIL
  test_fault_mode_source_control_and_channel_change_stop (test_sm5440_adc_timing.TimingHardwareTests.test_fault_mode_source_control_and_channel_change_stop) (scenario=5) ... FAIL
  test_fault_mode_source_control_and_channel_change_stop (test_sm5440_adc_timing.TimingHardwareTests.test_fault_mode_source_control_and_channel_change_stop) (scenario=6) ... FAIL
  test_fault_mode_source_control_and_channel_change_stop (test_sm5440_adc_timing.TimingHardwareTests.test_fault_mode_source_control_and_channel_change_stop) (scenario=7) ... FAIL
test_next_ready_missing_is_bounded (test_sm5440_adc_timing.TimingHardwareTests.test_next_ready_missing_is_bounded) ... FAIL
test_physical_limits_reject_voltage_current_and_die_temperature (test_sm5440_adc_timing.TimingHardwareTests.test_physical_limits_reject_voltage_current_and_die_temperature) ... FAIL
test_stale_ready_does_not_count_without_new_event (test_sm5440_adc_timing.TimingHardwareTests.test_stale_ready_does_not_count_without_new_event) ... FAIL
test_uncertain_enable_write_is_cleaned_without_retrying_begin (test_sm5440_adc_timing.TimingHardwareTests.test_uncertain_enable_write_is_cleaned_without_retrying_begin) ... FAIL
test_write_readback_mismatch_is_not_success (test_sm5440_adc_timing.TimingHardwareTests.test_write_readback_mismatch_is_not_success) ... FAIL
test_cached_snapshot_read_performs_no_IO (test_sm5440_adc_timing.TimingIntegrationTests.test_cached_snapshot_read_performs_no_IO) ... ok
test_frozen_converter_and_active_budget_unchanged (test_sm5440_adc_timing.TimingIntegrationTests.test_frozen_converter_and_active_budget_unchanged) ... ok
test_no_companion_publication_or_resume_rearm (test_sm5440_adc_timing.TimingIntegrationTests.test_no_companion_publication_or_resume_rearm) ... ok
test_no_source_mutator_or_pump_activation_in_timing_cycle (test_sm5440_adc_timing.TimingIntegrationTests.test_no_source_mutator_or_pump_activation_in_timing_cycle) ... ok
test_profile_is_exclusive_and_not_default_enabled (test_sm5440_adc_timing.TimingIntegrationTests.test_profile_is_exclusive_and_not_default_enabled) ... ok

======================================================================
FAIL: test_cancel_clock_rollback_and_total_deadline (test_sm5440_adc_timing.TimingHardwareTests.test_cancel_clock_rollback_and_total_deadline)
----------------------------------------------------------------------
Traceback (most recent call last):
  File "/home/ms/Samsung/galaxy_tab_s9_linux/tests/test_sm5440_adc_timing.py", line 158, in test_cancel_clock_rollback_and_total_deadline
    r=self.case(scenario);self.assertEqual(r[0],-expected);self.assertEqual(r[8]&1,0)
  File "/home/ms/Samsung/galaxy_tab_s9_linux/tests/test_sm5440_adc_timing.py", line 133, in case
    r=list(out);self.assertEqual(r[5],0,'non-ADC write or early enable');return r
                ~~~~~~~~~~~~~~~~^^^^^^^^^^^^^^^^^^^^^^^^^^^^^^^^^^^^^^^^
AssertionError: 1 != 0 : non-ADC write or early enable

======================================================================
FAIL: test_eight_new_ready_events_and_exact_restore (test_sm5440_adc_timing.TimingHardwareTests.test_eight_new_ready_events_and_exact_restore)
----------------------------------------------------------------------
Traceback (most recent call last):
  File "/home/ms/Samsung/galaxy_tab_s9_linux/tests/test_sm5440_adc_timing.py", line 136, in test_eight_new_ready_events_and_exact_restore
    r=self.case();self.assertEqual(r[:7],[0,0,0,8,1,0,1])
  File "/home/ms/Samsung/galaxy_tab_s9_linux/tests/test_sm5440_adc_timing.py", line 133, in case
    r=list(out);self.assertEqual(r[5],0,'non-ADC write or early enable');return r
                ~~~~~~~~~~~~~~~~^^^^^^^^^^^^^^^^^^^^^^^^^^^^^^^^^^^^^^^^
AssertionError: 1 != 0 : non-ADC write or early enable

======================================================================
FAIL: test_every_single_transfer_error_refuses_and_no_hidden_second_finish (test_sm5440_adc_timing.TimingHardwareTests.test_every_single_transfer_error_refuses_and_no_hidden_second_finish)
----------------------------------------------------------------------
Traceback (most recent call last):
  File "/home/ms/Samsung/galaxy_tab_s9_linux/tests/test_sm5440_adc_timing.py", line 171, in test_every_single_transfer_error_refuses_and_no_hidden_second_finish
    total=self.case()[7]
          ~~~~~~~~~^^
  File "/home/ms/Samsung/galaxy_tab_s9_linux/tests/test_sm5440_adc_timing.py", line 133, in case
    r=list(out);self.assertEqual(r[5],0,'non-ADC write or early enable');return r
                ~~~~~~~~~~~~~~~~^^^^^^^^^^^^^^^^^^^^^^^^^^^^^^^^^^^^^^^^
AssertionError: 1 != 0 : non-ADC write or early enable

======================================================================
FAIL: test_fault_mode_source_control_and_channel_change_stop (test_sm5440_adc_timing.TimingHardwareTests.test_fault_mode_source_control_and_channel_change_stop) (scenario=2)
----------------------------------------------------------------------
Traceback (most recent call last):
  File "/home/ms/Samsung/galaxy_tab_s9_linux/tests/test_sm5440_adc_timing.py", line 149, in test_fault_mode_source_control_and_channel_change_stop
    r=self.case(scenario);self.assertLess(r[0],0);self.assertEqual(r[3],0)
  File "/home/ms/Samsung/galaxy_tab_s9_linux/tests/test_sm5440_adc_timing.py", line 133, in case
    r=list(out);self.assertEqual(r[5],0,'non-ADC write or early enable');return r
                ~~~~~~~~~~~~~~~~^^^^^^^^^^^^^^^^^^^^^^^^^^^^^^^^^^^^^^^^
AssertionError: 1 != 0 : non-ADC write or early enable

======================================================================
FAIL: test_fault_mode_source_control_and_channel_change_stop (test_sm5440_adc_timing.TimingHardwareTests.test_fault_mode_source_control_and_channel_change_stop) (scenario=3)
----------------------------------------------------------------------
Traceback (most recent call last):
  File "/home/ms/Samsung/galaxy_tab_s9_linux/tests/test_sm5440_adc_timing.py", line 149, in test_fault_mode_source_control_and_channel_change_stop
    r=self.case(scenario);self.assertLess(r[0],0);self.assertEqual(r[3],0)
  File "/home/ms/Samsung/galaxy_tab_s9_linux/tests/test_sm5440_adc_timing.py", line 133, in case
    r=list(out);self.assertEqual(r[5],0,'non-ADC write or early enable');return r
                ~~~~~~~~~~~~~~~~^^^^^^^^^^^^^^^^^^^^^^^^^^^^^^^^^^^^^^^^
AssertionError: 1 != 0 : non-ADC write or early enable

======================================================================
FAIL: test_fault_mode_source_control_and_channel_change_stop (test_sm5440_adc_timing.TimingHardwareTests.test_fault_mode_source_control_and_channel_change_stop) (scenario=4)
----------------------------------------------------------------------
Traceback (most recent call last):
  File "/home/ms/Samsung/galaxy_tab_s9_linux/tests/test_sm5440_adc_timing.py", line 149, in test_fault_mode_source_control_and_channel_change_stop
    r=self.case(scenario);self.assertLess(r[0],0);self.assertEqual(r[3],0)
  File "/home/ms/Samsung/galaxy_tab_s9_linux/tests/test_sm5440_adc_timing.py", line 133, in case
    r=list(out);self.assertEqual(r[5],0,'non-ADC write or early enable');return r
                ~~~~~~~~~~~~~~~~^^^^^^^^^^^^^^^^^^^^^^^^^^^^^^^^^^^^^^^^
AssertionError: 1 != 0 : non-ADC write or early enable

======================================================================
FAIL: test_fault_mode_source_control_and_channel_change_stop (test_sm5440_adc_timing.TimingHardwareTests.test_fault_mode_source_control_and_channel_change_stop) (scenario=5)
----------------------------------------------------------------------
Traceback (most recent call last):
  File "/home/ms/Samsung/galaxy_tab_s9_linux/tests/test_sm5440_adc_timing.py", line 149, in test_fault_mode_source_control_and_channel_change_stop
    r=self.case(scenario);self.assertLess(r[0],0);self.assertEqual(r[3],0)
  File "/home/ms/Samsung/galaxy_tab_s9_linux/tests/test_sm5440_adc_timing.py", line 133, in case
    r=list(out);self.assertEqual(r[5],0,'non-ADC write or early enable');return r
                ~~~~~~~~~~~~~~~~^^^^^^^^^^^^^^^^^^^^^^^^^^^^^^^^^^^^^^^^
AssertionError: 1 != 0 : non-ADC write or early enable

======================================================================
FAIL: test_fault_mode_source_control_and_channel_change_stop (test_sm5440_adc_timing.TimingHardwareTests.test_fault_mode_source_control_and_channel_change_stop) (scenario=6)
----------------------------------------------------------------------
Traceback (most recent call last):
  File "/home/ms/Samsung/galaxy_tab_s9_linux/tests/test_sm5440_adc_timing.py", line 149, in test_fault_mode_source_control_and_channel_change_stop
    r=self.case(scenario);self.assertLess(r[0],0);self.assertEqual(r[3],0)
  File "/home/ms/Samsung/galaxy_tab_s9_linux/tests/test_sm5440_adc_timing.py", line 133, in case
    r=list(out);self.assertEqual(r[5],0,'non-ADC write or early enable');return r
                ~~~~~~~~~~~~~~~~^^^^^^^^^^^^^^^^^^^^^^^^^^^^^^^^^^^^^^^^
AssertionError: 1 != 0 : non-ADC write or early enable

======================================================================
FAIL: test_fault_mode_source_control_and_channel_change_stop (test_sm5440_adc_timing.TimingHardwareTests.test_fault_mode_source_control_and_channel_change_stop) (scenario=7)
----------------------------------------------------------------------
Traceback (most recent call last):
  File "/home/ms/Samsung/galaxy_tab_s9_linux/tests/test_sm5440_adc_timing.py", line 149, in test_fault_mode_source_control_and_channel_change_stop
    r=self.case(scenario);self.assertLess(r[0],0);self.assertEqual(r[3],0)
  File "/home/ms/Samsung/galaxy_tab_s9_linux/tests/test_sm5440_adc_timing.py", line 133, in case
    r=list(out);self.assertEqual(r[5],0,'non-ADC write or early enable');return r
                ~~~~~~~~~~~~~~~~^^^^^^^^^^^^^^^^^^^^^^^^^^^^^^^^^^^^^^^^
AssertionError: 1 != 0 : non-ADC write or early enable

======================================================================
FAIL: test_next_ready_missing_is_bounded (test_sm5440_adc_timing.TimingHardwareTests.test_next_ready_missing_is_bounded)
----------------------------------------------------------------------
Traceback (most recent call last):
  File "/home/ms/Samsung/galaxy_tab_s9_linux/tests/test_sm5440_adc_timing.py", line 162, in test_next_ready_missing_is_bounded
    r=self.case(12);self.assertEqual(r[0],-errno.ETIMEDOUT)
  File "/home/ms/Samsung/galaxy_tab_s9_linux/tests/test_sm5440_adc_timing.py", line 133, in case
    r=list(out);self.assertEqual(r[5],0,'non-ADC write or early enable');return r
                ~~~~~~~~~~~~~~~~^^^^^^^^^^^^^^^^^^^^^^^^^^^^^^^^^^^^^^^^
AssertionError: 1 != 0 : non-ADC write or early enable

======================================================================
FAIL: test_physical_limits_reject_voltage_current_and_die_temperature (test_sm5440_adc_timing.TimingHardwareTests.test_physical_limits_reject_voltage_current_and_die_temperature)
----------------------------------------------------------------------
Traceback (most recent call last):
  File "/home/ms/Samsung/galaxy_tab_s9_linux/tests/test_sm5440_adc_timing.py", line 167, in test_physical_limits_reject_voltage_current_and_die_temperature
    r=self.case(scenario);self.assertEqual(r[0],-errno.ERANGE)
  File "/home/ms/Samsung/galaxy_tab_s9_linux/tests/test_sm5440_adc_timing.py", line 133, in case
    r=list(out);self.assertEqual(r[5],0,'non-ADC write or early enable');return r
                ~~~~~~~~~~~~~~~~^^^^^^^^^^^^^^^^^^^^^^^^^^^^^^^^^^^^^^^^
AssertionError: 1 != 0 : non-ADC write or early enable

======================================================================
FAIL: test_stale_ready_does_not_count_without_new_event (test_sm5440_adc_timing.TimingHardwareTests.test_stale_ready_does_not_count_without_new_event)
----------------------------------------------------------------------
Traceback (most recent call last):
  File "/home/ms/Samsung/galaxy_tab_s9_linux/tests/test_sm5440_adc_timing.py", line 143, in test_stale_ready_does_not_count_without_new_event
    r=self.case(1);self.assertEqual(r[0],-errno.ETIMEDOUT)
  File "/home/ms/Samsung/galaxy_tab_s9_linux/tests/test_sm5440_adc_timing.py", line 133, in case
    r=list(out);self.assertEqual(r[5],0,'non-ADC write or early enable');return r
                ~~~~~~~~~~~~~~~~^^^^^^^^^^^^^^^^^^^^^^^^^^^^^^^^^^^^^^^^
AssertionError: 1 != 0 : non-ADC write or early enable

======================================================================
FAIL: test_uncertain_enable_write_is_cleaned_without_retrying_begin (test_sm5440_adc_timing.TimingHardwareTests.test_uncertain_enable_write_is_cleaned_without_retrying_begin)
----------------------------------------------------------------------
Traceback (most recent call last):
  File "/home/ms/Samsung/galaxy_tab_s9_linux/tests/test_sm5440_adc_timing.py", line 179, in test_uncertain_enable_write_is_cleaned_without_retrying_begin
    r=self.case(fail=fail,uncertain=1)
  File "/home/ms/Samsung/galaxy_tab_s9_linux/tests/test_sm5440_adc_timing.py", line 133, in case
    r=list(out);self.assertEqual(r[5],0,'non-ADC write or early enable');return r
                ~~~~~~~~~~~~~~~~^^^^^^^^^^^^^^^^^^^^^^^^^^^^^^^^^^^^^^^^
AssertionError: 1 != 0 : non-ADC write or early enable

======================================================================
FAIL: test_write_readback_mismatch_is_not_success (test_sm5440_adc_timing.TimingHardwareTests.test_write_readback_mismatch_is_not_success)
----------------------------------------------------------------------
Traceback (most recent call last):
  File "/home/ms/Samsung/galaxy_tab_s9_linux/tests/test_sm5440_adc_timing.py", line 185, in test_write_readback_mismatch_is_not_success
    r=self.case(drop=drop)
  File "/home/ms/Samsung/galaxy_tab_s9_linux/tests/test_sm5440_adc_timing.py", line 133, in case
    r=list(out);self.assertEqual(r[5],0,'non-ADC write or early enable');return r
                ~~~~~~~~~~~~~~~~^^^^^^^^^^^^^^^^^^^^^^^^^^^^^^^^^^^^^^^^
AssertionError: 1 != 0 : non-ADC write or early enable

----------------------------------------------------------------------
Ran 15 tests in 0.389s

FAILED (failures=14)
