test_active_adc_wrong_chip_or_pump_admission_has_no_writes (test_sm5440_adc_timing.TimingHardwareTests.test_active_adc_wrong_chip_or_pump_admission_has_no_writes) ... ok
test_cancel_clock_rollback_and_total_deadline (test_sm5440_adc_timing.TimingHardwareTests.test_cancel_clock_rollback_and_total_deadline) ... ok
test_eight_new_ready_events_and_exact_restore (test_sm5440_adc_timing.TimingHardwareTests.test_eight_new_ready_events_and_exact_restore) ... ok
test_every_single_transfer_error_refuses_and_no_hidden_second_finish (test_sm5440_adc_timing.TimingHardwareTests.test_every_single_transfer_error_refuses_and_no_hidden_second_finish) ... ok
test_fault_mode_source_control_and_channel_change_stop (test_sm5440_adc_timing.TimingHardwareTests.test_fault_mode_source_control_and_channel_change_stop) ... ok
test_next_ready_missing_is_bounded (test_sm5440_adc_timing.TimingHardwareTests.test_next_ready_missing_is_bounded) ... ok
test_physical_limits_reject_voltage_current_and_die_temperature (test_sm5440_adc_timing.TimingHardwareTests.test_physical_limits_reject_voltage_current_and_die_temperature) ... ok
test_stale_ready_does_not_count_without_new_event (test_sm5440_adc_timing.TimingHardwareTests.test_stale_ready_does_not_count_without_new_event) ... ok
test_uncertain_enable_write_is_cleaned_without_retrying_begin (test_sm5440_adc_timing.TimingHardwareTests.test_uncertain_enable_write_is_cleaned_without_retrying_begin) ... ok
test_write_readback_mismatch_is_not_success (test_sm5440_adc_timing.TimingHardwareTests.test_write_readback_mismatch_is_not_success) ... ok
test_cached_snapshot_read_performs_no_IO (test_sm5440_adc_timing.TimingIntegrationTests.test_cached_snapshot_read_performs_no_IO) ... ok
test_frozen_converter_and_active_budget_unchanged (test_sm5440_adc_timing.TimingIntegrationTests.test_frozen_converter_and_active_budget_unchanged) ... ok
test_no_companion_publication_or_resume_rearm (test_sm5440_adc_timing.TimingIntegrationTests.test_no_companion_publication_or_resume_rearm) ... ok
test_no_source_mutator_or_pump_activation_in_timing_cycle (test_sm5440_adc_timing.TimingIntegrationTests.test_no_source_mutator_or_pump_activation_in_timing_cycle) ... ok
test_profile_is_exclusive_and_not_default_enabled (test_sm5440_adc_timing.TimingIntegrationTests.test_profile_is_exclusive_and_not_default_enabled) ... ok
test_every_native_read_error_and_epoch_health_limit_time_refusal (test_sm5440_adc_timing.TimingNativeFactsTests.test_every_native_read_error_and_epoch_health_limit_time_refusal) ... ok
test_native_fixed5_and_fixed9_and_signed_pack_current (test_sm5440_adc_timing.TimingNativeFactsTests.test_native_fixed5_and_fixed9_and_signed_pack_current) ... ok

----------------------------------------------------------------------
Ran 17 tests in 0.618s

OK
