{
  "boot_id": "178facf3-7e1e-4004-8041-cd70eb48df6d",
  "services": {
    "gdm": {
      "returncode": 0,
      "stdout": "Result=success\nLoadState=loaded\nActiveState=active\nSubState=running\n",
      "stderr": ""
    },
    "gts9-adbd": {
      "returncode": 0,
      "stdout": "Result=success\nLoadState=loaded\nActiveState=active\nSubState=running\n",
      "stderr": ""
    },
    "gts9-usb-acm": {
      "returncode": 0,
      "stdout": "Result=success\nLoadState=loaded\nActiveState=active\nSubState=exited\n",
      "stderr": ""
    },
    "gts9-usb-typec-lifecycle": {
      "returncode": 0,
      "stdout": "Result=success\nLoadState=loaded\nActiveState=active\nSubState=running\n",
      "stderr": ""
    },
    "ssh": {
      "returncode": 0,
      "stdout": "Result=success\nLoadState=loaded\nActiveState=active\nSubState=running\n",
      "stderr": ""
    }
  }
}
