0171a6e6-ef97-41e8-baf8-4ab81b0d6b89
7.2.0-rc3-gts9wifi-dirty
active
capacity=100
temp=342
voltage_now=4445000
status=Full
/sys/firmware/devicetree/base/smp2p-adsp/master-kernel/qcom,entry-name  6d 61 73 74 65 72 2d 6b 65 72 6e 65 6c 00
/sys/firmware/devicetree/base/smp2p-adsp/slave-kernel/qcom,entry-name  73 6c 61 76 65 2d 6b 65 72 6e 65 6c 00
enable
filter
smp2p_negotiate
smp2p_notify_in
smp2p_ssr_ack
smp2p_update_bits
enable
filter
smp2p_negotiate
smp2p_notify_in
smp2p_ssr_ack
smp2p_update_bits
offline
0171a6e6-ef97-41e8-baf8-4ab81b0d6b89
