{
  "boot_id": "d1977159-8330-4c90-b5be-e7cf8c67ea0f",
  "machine_id": "3c2a1b8f2d624db4b5ffdc836050fcf6",
  "uname": "Linux gts9 7.2.0-rc3-gts9wifi-dirty #1 SMP PREEMPT Sun Jul 12 21:16:39 UTC 2026 aarch64 GNU/Linux",
  "cmdline": "console=tty0 msm.separate_gpu_kms=1 consoleblank=0 gts9_display_recover=1 gts9_rootfs=/dev/mmcblk1p1 gts9_sec_log=0x880200000,0x200000 loglevel=4 nokaslr panic=0 clk_ignore_unused pd_ignore_unused regulator_ignore_unused firmware_class.path=/lib/firmware systemd.ssh_auto=no fbcon=font:TER16x32  msm_drm.dsi_display0=GTS9_ANA38407_AMSA10FA01: msm_drm.lcd_id=800004 sec_common_fn.lcd_id=800004 console=null nokaslr watchdog.stop_on_reboot=0 softdog.soft_panic=1 sec_vibrator_inputff_module.vib_le_est=0 common_muic.muic_param_pdic_info=1 common_muic.muic_param_pmic_info=3 pdic_notifier_module.pdic_param_lpcharge=0 nfc_sec.nfc_param_lpcharge=0 flicker_sensor.flicker_param_lpcharge=0 common_muic.muic_param_afc_mode=0x00 sec-battery.charging_mode=0x00 sec-battery.pd_disable=0x00 abc.qet_loaded=0 mesh_qc.kq_mesh_drv_loading=0x0 sb-mfc.wireless_ic=0x0 p9320_charger.wireless_ic=0x0 s2miw04_charger.wireless_ic=0x0 cps4038_charger.wireless_ic=0x0 nu1668_charger.wireless_ic=0x0 msm_rtb.enable=0 nowatchdog sec-battery.sales_code=CHN sec_sysup.edtbo_ver=-1 sapa=0 sec_pon_alarm.rtcalarm=0 sec_pon_alarm.lpcharge=0 hdm.status=NONE frpc-adsprpc.signoff=0x7277",
  "uptime": 3123.64,
  "config_sha256": "599ca47ab41a29469c3d5830e475049fca9f33bd2ab0923ad014e5ba3fa6ec6c",
  "notes_sha256": "5c0e82337affafefff586613d4a84c4f1388c9716ce251fe69d3c70aad18a518",
  "dcc_absent": true,
  "battery": {
    "DEVTYPE": "power_supply",
    "OF_NAME": "charger",
    "OF_FULLNAME": "/soc@0/geniqup@9c0000/i2c@9a0000/charger@49",
    "OF_COMPATIBLE_0": "siliconmitus,sm5714",
    "OF_COMPATIBLE_N": "1",
    "POWER_SUPPLY_NAME": "sm5714-battery",
    "POWER_SUPPLY_TYPE": "Battery",
    "POWER_SUPPLY_STATUS": "Charging",
    "POWER_SUPPLY_HEALTH": "Good",
    "POWER_SUPPLY_PRESENT": "1",
    "POWER_SUPPLY_TECHNOLOGY": "Li-ion",
    "POWER_SUPPLY_VOLTAGE_MAX_DESIGN": "4440000",
    "POWER_SUPPLY_VOLTAGE_MIN_DESIGN": "3400000",
    "POWER_SUPPLY_VOLTAGE_NOW": "4209000",
    "POWER_SUPPLY_VOLTAGE_AVG": "4219000",
    "POWER_SUPPLY_VOLTAGE_OCV": "4167000",
    "POWER_SUPPLY_CURRENT_NOW": "1028000",
    "POWER_SUPPLY_CURRENT_AVG": "1027000",
    "POWER_SUPPLY_CHARGE_FULL_DESIGN": "8160000",
    "POWER_SUPPLY_CAPACITY": "79",
    "POWER_SUPPLY_TEMP": "384"
  },
  "network": "1: lo    inet 127.0.0.1/8 scope host lo\\       valid_lft forever preferred_lft forever\n14: usb0    inet 169.254.42.1/16 scope global usb0\\       valid_lft forever preferred_lft forever\n15: wlp1s0    inet 10.49.219.156/24 brd 10.49.219.255 scope global dynamic noprefixroute wlp1s0\\       valid_lft 2290sec preferred_lft 2290sec\n16: docker0    inet 172.17.0.1/16 brd 172.17.255.255 scope global docker0\\       valid_lft forever preferred_lft forever",
  "services": {
    "ssh": "active",
    "gts9-adbd": "active",
    "gts9-usb-acm": "active",
    "gdm": "active",
    "gts9-pen": "inactive",
    "gts9-palm": "active"
  },
  "roles": {
    "power_role": "[sink]",
    "data_role": "[device]"
  },
  "failed_units": "",
  "host_key": "ssh-ed25519 AAAAC3NzaC1lZDI1NTE5AAAAINcDq5XdwKgjymVdJr/xPAwNQuYTr7rmdt9mxLzT9/PL root@DESKTOP-EAS21AS",
  "direct_default": "N",
  "adsp": [
    {
      "path": "/sys/class/remoteproc/remoteproc0",
      "name": "adsp",
      "state": "offline",
      "firmware": "qcom/sm8550/adsp.mdt"
    }
  ],
  "native_socinfo": {
    "boot_id": "d1977159-8330-4c90-b5be-e7cf8c67ea0f",
    "family": "Snapdragon",
    "machine": "SM8550",
    "soc_id": "519",
    "info_fmt": "0x00000010",
    "hardware_platform": "8",
    "hardware_platform_subtype": "0",
    "platform_version": "65536"
  },
  "fastrpc": [],
  "gpu_power": {
    "3d00000.gpu": {
      "runtime_status": "suspended",
      "control": "auto",
      "runtime_active_time": "22338",
      "runtime_suspended_time": "3089557"
    },
    "3d6a000.gmu": {
      "runtime_status": "suspended",
      "control": "auto",
      "runtime_active_time": "22152",
      "runtime_suspended_time": "3101228"
    }
  }
}
{"boot_id": "d1977159-8330-4c90-b5be-e7cf8c67ea0f", "machine_id": "3c2a1b8f2d624db4b5ffdc836050fcf6", "uname": "Linux gts9 7.2.0-rc3-gts9wifi-dirty #1 SMP PREEMPT Sun Jul 12 21:16:39 UTC 2026 aarch64 GNU/Linux", "cmdline": "console=tty0 msm.separate_gpu_kms=1 consoleblank=0 gts9_display_recover=1 gts9_rootfs=/dev/mmcblk1p1 gts9_sec_log=0x880200000,0x200000 loglevel=4 nokaslr panic=0 clk_ignore_unused pd_ignore_unused regulator_ignore_unused firmware_class.path=/lib/firmware systemd.ssh_auto=no fbcon=font:TER16x32  msm_drm.dsi_display0=GTS9_ANA38407_AMSA10FA01: msm_drm.lcd_id=800004 sec_common_fn.lcd_id=800004 console=null nokaslr watchdog.stop_on_reboot=0 softdog.soft_panic=1 sec_vibrator_inputff_module.vib_le_est=0 common_muic.muic_param_pdic_info=1 common_muic.muic_param_pmic_info=3 pdic_notifier_module.pdic_param_lpcharge=0 nfc_sec.nfc_param_lpcharge=0 flicker_sensor.flicker_param_lpcharge=0 common_muic.muic_param_afc_mode=0x00 sec-battery.charging_mode=0x00 sec-battery.pd_disable=0x00 abc.qet_loaded=0 mesh_qc.kq_mesh_drv_loading=0x0 sb-mfc.wireless_ic=0x0 p9320_charger.wireless_ic=0x0 s2miw04_charger.wireless_ic=0x0 cps4038_charger.wireless_ic=0x0 nu1668_charger.wireless_ic=0x0 msm_rtb.enable=0 nowatchdog sec-battery.sales_code=CHN sec_sysup.edtbo_ver=-1 sapa=0 sec_pon_alarm.rtcalarm=0 sec_pon_alarm.lpcharge=0 hdm.status=NONE frpc-adsprpc.signoff=0x7277", "uptime": 3123.82, "config_sha256": "599ca47ab41a29469c3d5830e475049fca9f33bd2ab0923ad014e5ba3fa6ec6c", "notes_sha256": "5c0e82337affafefff586613d4a84c4f1388c9716ce251fe69d3c70aad18a518", "dcc_absent": true, "battery": {"DEVTYPE": "power_supply", "OF_NAME": "charger", "OF_FULLNAME": "/soc@0/geniqup@9c0000/i2c@9a0000/charger@49", "OF_COMPATIBLE_0": "siliconmitus,sm5714", "OF_COMPATIBLE_N": "1", "POWER_SUPPLY_NAME": "sm5714-battery", "POWER_SUPPLY_TYPE": "Battery", "POWER_SUPPLY_STATUS": "Charging", "POWER_SUPPLY_HEALTH": "Good", "POWER_SUPPLY_PRESENT": "1", "POWER_SUPPLY_TECHNOLOGY": "Li-ion", "POWER_SUPPLY_VOLTAGE_MAX_DESIGN": "4440000", "POWER_SUPPLY_VOLTAGE_MIN_DESIGN": "3400000", "POWER_SUPPLY_VOLTAGE_NOW": "4219000", "POWER_SUPPLY_VOLTAGE_AVG": "4217000", "POWER_SUPPLY_VOLTAGE_OCV": "4167000", "POWER_SUPPLY_CURRENT_NOW": "1028000", "POWER_SUPPLY_CURRENT_AVG": "1027000", "POWER_SUPPLY_CHARGE_FULL_DESIGN": "8160000", "POWER_SUPPLY_CAPACITY": "79", "POWER_SUPPLY_TEMP": "384"}, "network": "1: lo    inet 127.0.0.1/8 scope host lo\\       valid_lft forever preferred_lft forever\n14: usb0    inet 169.254.42.1/16 scope global usb0\\       valid_lft forever preferred_lft forever\n15: wlp1s0    inet 10.49.219.156/24 brd 10.49.219.255 scope global dynamic noprefixroute wlp1s0\\       valid_lft 2289sec preferred_lft 2289sec\n16: docker0    inet 172.17.0.1/16 brd 172.17.255.255 scope global docker0\\       valid_lft forever preferred_lft forever", "services": {"ssh": "active", "gts9-adbd": "active", "gts9-usb-acm": "active", "gdm": "active", "gts9-pen": "inactive", "gts9-palm": "active"}, "roles": {"power_role": "[sink]", "data_role": "[device]"}, "failed_units": "", "host_key": "ssh-ed25519 AAAAC3NzaC1lZDI1NTE5AAAAINcDq5XdwKgjymVdJr/xPAwNQuYTr7rmdt9mxLzT9/PL root@DESKTOP-EAS21AS", "direct_default": "N", "adsp": [{"path": "/sys/class/remoteproc/remoteproc0", "name": "adsp", "state": "offline", "firmware": "qcom/sm8550/adsp.mdt"}], "native_socinfo": {"boot_id": "d1977159-8330-4c90-b5be-e7cf8c67ea0f", "family": "Snapdragon", "machine": "SM8550", "soc_id": "519", "info_fmt": "0x00000010", "hardware_platform": "8", "hardware_platform_subtype": "0", "platform_version": "65536"}, "fastrpc": [], "gpu_power": {"3d00000.gpu": {"runtime_status": "suspended", "control": "auto", "runtime_active_time": "22338", "runtime_suspended_time": "3089742"}, "3d6a000.gmu": {"runtime_status": "suspended", "control": "auto", "runtime_active_time": "22152", "runtime_suspended_time": "3101412"}}, "packages": {"status": 1, "stdout": "gts9-hexagonrpc\t0.4.0+gts9.1\tinstalled\niio-sensor-proxy\t3.9+gts9.1\tinstalled\nlibprotobuf-c1\t1.5.1-1\tinstalled\nlibssc2\t0.4.4+gts9.1\tinstalled\n", "stderr": "dpkg-query: no packages found matching pd-mapper\n"}, "ssc_units": {"status": 0, "stdout": "ExecStart={ path=/usr/bin/hexagonrpcd ; argv[]=/usr/bin/hexagonrpcd -f /dev/fastrpc-adsp -d adsp -R /usr/share/qcom/sm8550/Samsung/gts9wifi ; ignore_errors=no ; start_time=[n/a] ; stop_time=[n/a] ; pid=0 ; code=(null) ; status=0/0 }\nId=hexagonrpcd-adsp-rootpd.service\nActiveState=inactive\nFragmentPath=/usr/lib/systemd/system/hexagonrpcd-adsp-rootpd.service\nDropInPaths=/etc/systemd/system/hexagonrpcd-adsp-rootpd.service.d/90-gts9-controlled-test.conf\nConditionResult=no\n\nExecStart={ path=/usr/bin/hexagonrpcd ; argv[]=/usr/bin/hexagonrpcd -f /dev/fastrpc-adsp -d adsp -s -R /usr/share/qcom/sm8550/Samsung/gts9wifi ; ignore_errors=no ; start_time=[n/a] ; stop_time=[n/a] ; pid=0 ; code=(null) ; status=0/0 }\nId=hexagonrpcd-adsp-sensorspd.service\nActiveState=inactive\nFragmentPath=/usr/lib/systemd/system/hexagonrpcd-adsp-sensorspd.service\nDropInPaths=/etc/systemd/system/hexagonrpcd-adsp-sensorspd.service.d/90-gts9-controlled-test.conf\nConditionResult=no\n\nExecStart={ path=/usr/libexec/iio-sensor-proxy ; argv[]=/usr/libexec/iio-sensor-proxy ; ignore_errors=no ; start_time=[n/a] ; stop_time=[n/a] ; pid=0 ; code=(null) ; status=0/0 }\nId=iio-sensor-proxy.service\nActiveState=inactive\nFragmentPath=/usr/lib/systemd/system/iio-sensor-proxy.service\nDropInPaths=/etc/systemd/system/iio-sensor-proxy.service.d/90-gts9-controlled-test.conf\nConditionResult=no\n\nId=pd-mapper.service\nActiveState=inactive\nFragmentPath=\nDropInPaths=\nConditionResult=no\n\nExecStart={ path=/usr/bin/python3 ; argv[]=/usr/bin/python3 /usr/local/libexec/gts9-usb-typec-lifecycle --profile /etc/gts9-usb-typec-profile.json ; ignore_errors=no ; start_time=[Fri 2026-10-09 16:38:02 CST] ; stop_time=[n/a] ; pid=4120 ; code=(null) ; status=0/0 }\nId=gts9-usb-typec-lifecycle.service\nActiveState=active\nFragmentPath=/etc/systemd/system/gts9-usb-typec-lifecycle.service\nDropInPaths=\nConditionResult=yes\n", "stderr": ""}, "prefix": {"status": 1, "stdout": "", "stderr": "find: \u2018/usr/share/qcom/sm8550/Samsung/gts9wifi\u2019: No such file or directory\n"}, "usb_helper": {"status": 0, "stdout": "enabled\n", "stderr": ""}}
