The Meson build system
Version: 1.7.0
Source dir: /output/work/libssc
Build dir: /output/work/libssc-build
Build type: cross build
Project name: libssc
Project version: 0.4.4
C compiler for the host machine: aarch64-linux-gnu-gcc (gcc 14.2.0 "aarch64-linux-gnu-gcc (Debian 14.2.0-19) 14.2.0")
C linker for the host machine: aarch64-linux-gnu-gcc ld.bfd 2.44
C compiler for the build machine: cc (gcc 14.2.0 "cc (Debian 14.2.0-19) 14.2.0")
C linker for the build machine: cc ld.bfd 2.44
Build machine cpu family: x86_64
Build machine cpu: x86_64
Host machine cpu family: aarch64
Host machine cpu: aarch64
Target machine cpu family: aarch64
Target machine cpu: aarch64
Compiler for C supports arguments -Wno-unused-parameter: YES 
Compiler for C supports arguments -Wno-cast-function-type: YES 
Compiler for C supports arguments -Wno-packed: YES 
Found pkg-config: YES (/usr/bin/pkgconf) 1.8.1
Run-time dependency glib-2.0 found: YES 2.84.4
Run-time dependency gio-unix-2.0 found: YES 2.84.4
Run-time dependency qmi-glib found: YES 1.36.0
Run-time dependency libprotobuf-c found: YES 1.5.1
Library m found: YES
Program protoc found: YES (/usr/bin/protoc)
Program protoc found: YES (/usr/bin/protoc)
Run-time dependency gio-2.0 found: YES 2.84.4
Run-time dependency gobject-2.0 found: YES 2.84.4
Program python3 found: YES (/usr/bin/python3)
Run-time dependency python found: YES 3.13
Configuring ssc-server using configuration
Program python3 found: YES (/usr/bin/python3)
Configuring libssc-version-private.h using configuration
Found CMake: NO
Run-time dependency gobject-introspection-1.0 found: NO (tried pkgconfig and cmake)
Build targets in project: 27

libssc 0.4.4

  User defined options
    Cross files: /opt/ssc/cross-arm64.ini
    buildtype  : release
    libdir     : lib/aarch64-linux-gnu
    prefix     : /usr

Found ninja-1.12.1 at /usr/bin/ninja
ninja: Entering directory `/output/work/libssc-build'
[1/117] Generating data/ssc-sensor-light_c with a custom command
[2/117] Generating data/ssc-sensor-proximity_c with a custom command
[3/117] Generating data/ssc-sensor-suid_c with a custom command
[4/117] Generating data/ssc-common_c with a custom command
[5/117] Generating data/ssc-sensor-accelerometer_c with a custom command
[6/117] Generating data/ssc-sensor-rotationvector_c with a custom command
[7/117] Generating data/ssc-sensor-magnetometer_c with a custom command
[8/117] Generating data/ssc-sensor-gyroscope_c with a custom command
[9/117] Generating mocking/ssc_server/ssc_common_py with a custom command
[10/117] Generating mocking/ssc_server/ssc_sensor_proximity_py with a custom command
[11/117] Generating mocking/ssc_server/ssc_sensor_suid_py with a custom command
[12/117] Compiling C object src/libssc.so.2.p/meson-generated_.._.._data_ssc-sensor-light.pb-c.c.o
[13/117] Compiling C object src/libssc.so.2.p/meson-generated_.._.._data_ssc-sensor-proximity.pb-c.c.o
[14/117] Compiling C object src/libssc.so.2.p/meson-generated_.._.._data_ssc-sensor-suid.pb-c.c.o
[15/117] Compiling C object src/libssc.so.2.p/meson-generated_.._.._data_ssc-sensor-accelerometer.pb-c.c.o
[16/117] Compiling C object src/libssc.so.2.p/meson-generated_.._.._data_ssc-sensor-magnetometer.pb-c.c.o
[17/117] Compiling C object src/libssc.so.2.p/meson-generated_.._.._data_ssc-sensor-rotationvector.pb-c.c.o
[18/117] Compiling C object src/libssc.so.2.p/meson-generated_.._.._data_ssc-sensor-gyroscope.pb-c.c.o
[19/117] Compiling C object src/libssc.so.2.p/meson-generated_.._.._data_ssc-common.pb-c.c.o
[20/117] Compiling C object src/libssc.so.2.p/libssc-common.c.o
[21/117] Compiling C object src/libssc.so.2.p/libssc-sensor-proximity.c.o
[22/117] Compiling C object src/libssc.so.2.p/libssc-client.c.o
[23/117] Compiling C object src/libssc.so.2.p/libssc-sensor.c.o
[24/117] Compiling C object src/libssc.so.2.p/libssc-sensor-light.c.o
[25/117] Compiling C object src/libssc.so.2.p/libssc-sensor-accelerometer.c.o
[26/117] Generating mocking/ssc_server/ssc_sensor_light_py with a custom command
[27/117] Generating mocking/ssc_server/ssc_sensor_accelerometer_py with a custom command
[28/117] Generating mocking/ssc_server/ssc_sensor_magnetometer_py with a custom command
[29/117] Generating mocking/ssc_server/ssc_sensor_rotationvector_py with a custom command
[30/117] Generating mocking/ssc_server/ssc_sensor_gyroscope_py with a custom command
[31/117] Compiling C object src/libssc.so.2.p/libssc-sensor-magnetometer.c.o
[32/117] Compiling C object src/ssccli.p/meson-generated_.._.._data_ssc-sensor-suid.pb-c.c.o
[33/117] Compiling C object src/libssc.so.2.p/libssc-sensor-compass.c.o
[34/117] Compiling C object src/ssccli.p/meson-generated_.._.._data_ssc-sensor-proximity.pb-c.c.o
[35/117] Compiling C object src/ssccli.p/meson-generated_.._.._data_ssc-sensor-light.pb-c.c.o
[36/117] Compiling C object src/ssccli.p/meson-generated_.._.._data_ssc-sensor-accelerometer.pb-c.c.o
[37/117] Compiling C object src/ssccli.p/meson-generated_.._.._data_ssc-common.pb-c.c.o
[38/117] Compiling C object src/ssccli.p/meson-generated_.._.._data_ssc-sensor-magnetometer.pb-c.c.o
[39/117] Compiling C object src/ssccli.p/meson-generated_.._.._data_ssc-sensor-rotationvector.pb-c.c.o
[40/117] Compiling C object src/ssccli.p/meson-generated_.._.._data_ssc-sensor-gyroscope.pb-c.c.o
[41/117] Compiling C object tests/tests-general.p/meson-generated_.._.._data_ssc-sensor-suid.pb-c.c.o
[42/117] Compiling C object src/libssc.so.2.p/libssc-sensor-gyroscope.c.o
[43/117] Compiling C object tests/tests-general.p/meson-generated_.._.._data_ssc-sensor-proximity.pb-c.c.o
[44/117] Linking target src/libssc.so.2
[45/117] Compiling C object tests/tests-general.p/meson-generated_.._.._data_ssc-sensor-light.pb-c.c.o
[46/117] Compiling C object tests/tests-general.p/meson-generated_.._.._data_ssc-common.pb-c.c.o
[47/117] Compiling C object tests/tests-general.p/meson-generated_.._.._data_ssc-sensor-accelerometer.pb-c.c.o
[48/117] Generating symbol file src/libssc.so.2.p/libssc.so.2.symbols
[49/117] Compiling C object tests/tests-general.p/meson-generated_.._.._data_ssc-sensor-magnetometer.pb-c.c.o
[50/117] Compiling C object tests/tests-general.p/meson-generated_.._.._data_ssc-sensor-rotationvector.pb-c.c.o
[51/117] Compiling C object tests/tests-general.p/meson-generated_.._.._data_ssc-sensor-gyroscope.pb-c.c.o
[52/117] Compiling C object tests/tests-proximity.p/meson-generated_.._.._data_ssc-sensor-suid.pb-c.c.o
[53/117] Compiling C object src/ssccli.p/libssc-cli.c.o
[54/117] Compiling C object tests/tests-proximity.p/meson-generated_.._.._data_ssc-sensor-proximity.pb-c.c.o
[55/117] Compiling C object tests/tests-proximity.p/meson-generated_.._.._data_ssc-sensor-light.pb-c.c.o
[56/117] Compiling C object tests/tests-proximity.p/meson-generated_.._.._data_ssc-sensor-accelerometer.pb-c.c.o
[57/117] Compiling C object tests/tests-proximity.p/meson-generated_.._.._data_ssc-sensor-magnetometer.pb-c.c.o
[58/117] Compiling C object tests/tests-proximity.p/meson-generated_.._.._data_ssc-sensor-rotationvector.pb-c.c.o
[59/117] Compiling C object tests/tests-proximity.p/meson-generated_.._.._data_ssc-common.pb-c.c.o
[60/117] Compiling C object tests/tests-proximity.p/meson-generated_.._.._data_ssc-sensor-gyroscope.pb-c.c.o
[61/117] Compiling C object tests/tests-light.p/meson-generated_.._.._data_ssc-sensor-suid.pb-c.c.o
[62/117] Compiling C object tests/tests-general.p/general.c.o
[63/117] Compiling C object tests/tests-light.p/meson-generated_.._.._data_ssc-sensor-proximity.pb-c.c.o
[64/117] Compiling C object tests/tests-light.p/meson-generated_.._.._data_ssc-sensor-light.pb-c.c.o
[65/117] Compiling C object tests/tests-light.p/meson-generated_.._.._data_ssc-sensor-accelerometer.pb-c.c.o
[66/117] Compiling C object tests/tests-light.p/meson-generated_.._.._data_ssc-sensor-magnetometer.pb-c.c.o
[67/117] Compiling C object tests/tests-light.p/meson-generated_.._.._data_ssc-sensor-rotationvector.pb-c.c.o
[68/117] Compiling C object tests/tests-light.p/meson-generated_.._.._data_ssc-common.pb-c.c.o
[69/117] Compiling C object tests/tests-light.p/meson-generated_.._.._data_ssc-sensor-gyroscope.pb-c.c.o
[70/117] Compiling C object tests/tests-accelerometer.p/meson-generated_.._.._data_ssc-sensor-suid.pb-c.c.o
[71/117] Compiling C object tests/tests-accelerometer.p/meson-generated_.._.._data_ssc-sensor-proximity.pb-c.c.o
[72/117] Compiling C object tests/tests-proximity.p/proximity.c.o
[73/117] Compiling C object tests/tests-accelerometer.p/meson-generated_.._.._data_ssc-sensor-light.pb-c.c.o
[74/117] Compiling C object tests/tests-accelerometer.p/meson-generated_.._.._data_ssc-sensor-accelerometer.pb-c.c.o
[75/117] Compiling C object tests/tests-accelerometer.p/meson-generated_.._.._data_ssc-common.pb-c.c.o
[76/117] Compiling C object tests/tests-accelerometer.p/meson-generated_.._.._data_ssc-sensor-magnetometer.pb-c.c.o
[77/117] Compiling C object tests/tests-accelerometer.p/meson-generated_.._.._data_ssc-sensor-rotationvector.pb-c.c.o
[78/117] Compiling C object tests/tests-accelerometer.p/meson-generated_.._.._data_ssc-sensor-gyroscope.pb-c.c.o
[79/117] Compiling C object tests/tests-compass.p/meson-generated_.._.._data_ssc-sensor-suid.pb-c.c.o
[80/117] Compiling C object tests/tests-compass.p/meson-generated_.._.._data_ssc-sensor-proximity.pb-c.c.o
[81/117] Compiling C object tests/tests-light.p/light.c.o
[82/117] Compiling C object tests/tests-compass.p/meson-generated_.._.._data_ssc-sensor-light.pb-c.c.o
[83/117] Compiling C object tests/tests-compass.p/meson-generated_.._.._data_ssc-sensor-accelerometer.pb-c.c.o
[84/117] Compiling C object tests/tests-compass.p/meson-generated_.._.._data_ssc-sensor-magnetometer.pb-c.c.o
[85/117] Compiling C object tests/tests-compass.p/meson-generated_.._.._data_ssc-common.pb-c.c.o
[86/117] Compiling C object tests/tests-compass.p/meson-generated_.._.._data_ssc-sensor-rotationvector.pb-c.c.o
[87/117] Compiling C object tests/tests-compass.p/meson-generated_.._.._data_ssc-sensor-gyroscope.pb-c.c.o
[88/117] Compiling C object tests/tests-magnetometer.p/meson-generated_.._.._data_ssc-sensor-suid.pb-c.c.o
[89/117] Compiling C object tests/tests-magnetometer.p/meson-generated_.._.._data_ssc-sensor-proximity.pb-c.c.o
[90/117] Compiling C object tests/tests-magnetometer.p/meson-generated_.._.._data_ssc-sensor-light.pb-c.c.o
[91/117] Compiling C object tests/tests-magnetometer.p/meson-generated_.._.._data_ssc-common.pb-c.c.o
[92/117] Compiling C object tests/tests-accelerometer.p/accelerometer.c.o
[93/117] Compiling C object tests/tests-magnetometer.p/meson-generated_.._.._data_ssc-sensor-accelerometer.pb-c.c.o
[94/117] Compiling C object tests/tests-magnetometer.p/meson-generated_.._.._data_ssc-sensor-magnetometer.pb-c.c.o
[95/117] Compiling C object tests/tests-magnetometer.p/meson-generated_.._.._data_ssc-sensor-rotationvector.pb-c.c.o
[96/117] Compiling C object tests/tests-magnetometer.p/meson-generated_.._.._data_ssc-sensor-gyroscope.pb-c.c.o
[97/117] Compiling C object tests/tests-no-service.p/meson-generated_.._.._data_ssc-sensor-suid.pb-c.c.o
[98/117] Compiling C object tests/tests-compass.p/compass.c.o
[99/117] Compiling C object tests/tests-no-service.p/meson-generated_.._.._data_ssc-sensor-proximity.pb-c.c.o
[100/117] Compiling C object tests/tests-no-service.p/meson-generated_.._.._data_ssc-sensor-light.pb-c.c.o
[101/117] Compiling C object tests/tests-no-service.p/meson-generated_.._.._data_ssc-sensor-accelerometer.pb-c.c.o
[102/117] Compiling C object tests/tests-no-service.p/meson-generated_.._.._data_ssc-common.pb-c.c.o
[103/117] Compiling C object tests/tests-no-service.p/meson-generated_.._.._data_ssc-sensor-magnetometer.pb-c.c.o
[104/117] Compiling C object tests/tests-no-service.p/meson-generated_.._.._data_ssc-sensor-rotationvector.pb-c.c.o
[105/117] Generating mocking/ssc_server/ssc-mocking with a custom command
[106/117] Generating mocking/ssc_server/data/copy-mocking-configure with a custom command
[107/117] Compiling C object tests/tests-no-service.p/meson-generated_.._.._data_ssc-sensor-gyroscope.pb-c.c.o
[108/117] Linking target tests/tests-general
[109/117] Linking target src/ssccli
[110/117] Linking target tests/tests-proximity
[111/117] Linking target tests/tests-light
[112/117] Compiling C object tests/tests-magnetometer.p/magnetometer.c.o
[113/117] Linking target tests/tests-accelerometer
[114/117] Linking target tests/tests-compass
[115/117] Linking target tests/tests-magnetometer
[116/117] Compiling C object tests/tests-no-service.p/no-service.c.o
[117/117] Linking target tests/tests-no-service
INFO: autodetecting backend as ninja
INFO: calculating backend command to run: /usr/bin/ninja -C /output/work/libssc-build -j 4
ninja: Entering directory `/output/work/libssc-build'
[1/1] Generating mocking/ssc_server/ssc-mocking with a custom command
Compiling '/output/stage/usr/lib/python3/dist-packages/ssc_server/ssc_common_pb2.py'...
Compiling '/output/stage/usr/lib/python3/dist-packages/ssc_server/ssc_sensor_suid_pb2.py'...
Compiling '/output/stage/usr/lib/python3/dist-packages/ssc_server/ssc_sensor_proximity_pb2.py'...
Compiling '/output/stage/usr/lib/python3/dist-packages/ssc_server/ssc_sensor_light_pb2.py'...
Compiling '/output/stage/usr/lib/python3/dist-packages/ssc_server/ssc_sensor_accelerometer_pb2.py'...
Compiling '/output/stage/usr/lib/python3/dist-packages/ssc_server/ssc_sensor_magnetometer_pb2.py'...
Compiling '/output/stage/usr/lib/python3/dist-packages/ssc_server/ssc_sensor_rotationvector_pb2.py'...
Compiling '/output/stage/usr/lib/python3/dist-packages/ssc_server/ssc_sensor_gyroscope_pb2.py'...
Compiling '/output/stage/usr/lib/python3/dist-packages/ssc_server/qmi.py'...
Compiling '/output/stage/usr/lib/python3/dist-packages/ssc_server/ssc.py'...
Installing mocking/ssc_server/ssc_common_pb2.py to /output/stage/usr/lib/python3/dist-packages/ssc_server
Installing mocking/ssc_server/ssc_sensor_suid_pb2.py to /output/stage/usr/lib/python3/dist-packages/ssc_server
Installing mocking/ssc_server/ssc_sensor_proximity_pb2.py to /output/stage/usr/lib/python3/dist-packages/ssc_server
Installing mocking/ssc_server/ssc_sensor_light_pb2.py to /output/stage/usr/lib/python3/dist-packages/ssc_server
Installing mocking/ssc_server/ssc_sensor_accelerometer_pb2.py to /output/stage/usr/lib/python3/dist-packages/ssc_server
Installing mocking/ssc_server/ssc_sensor_magnetometer_pb2.py to /output/stage/usr/lib/python3/dist-packages/ssc_server
Installing mocking/ssc_server/ssc_sensor_rotationvector_pb2.py to /output/stage/usr/lib/python3/dist-packages/ssc_server
Installing mocking/ssc_server/ssc_sensor_gyroscope_pb2.py to /output/stage/usr/lib/python3/dist-packages/ssc_server
Installing data/ssc-common.pb-c.h to /output/stage/usr/include/libssc
Installing data/ssc-sensor-suid.pb-c.h to /output/stage/usr/include/libssc
Installing data/ssc-sensor-proximity.pb-c.h to /output/stage/usr/include/libssc
Installing data/ssc-sensor-light.pb-c.h to /output/stage/usr/include/libssc
Installing data/ssc-sensor-accelerometer.pb-c.h to /output/stage/usr/include/libssc
Installing data/ssc-sensor-magnetometer.pb-c.h to /output/stage/usr/include/libssc
Installing data/ssc-sensor-rotationvector.pb-c.h to /output/stage/usr/include/libssc
Installing data/ssc-sensor-gyroscope.pb-c.h to /output/stage/usr/include/libssc
Installing src/libssc.so.2 to /output/stage/usr/lib/aarch64-linux-gnu
Installing src/ssccli to /output/stage/usr/bin
Installing /output/work/libssc/src/libssc.h to /output/stage/usr/include/libssc
Installing /output/work/libssc/src/libssc-sensor.h to /output/stage/usr/include/libssc
Installing /output/work/libssc/src/libssc-sensor-proximity.h to /output/stage/usr/include/libssc
Installing /output/work/libssc/src/libssc-sensor-light.h to /output/stage/usr/include/libssc
Installing /output/work/libssc/src/libssc-sensor-accelerometer.h to /output/stage/usr/include/libssc
Installing /output/work/libssc/src/libssc-sensor-magnetometer.h to /output/stage/usr/include/libssc
Installing /output/work/libssc/src/libssc-sensor-compass.h to /output/stage/usr/include/libssc
Installing /output/work/libssc/src/libssc-sensor-gyroscope.h to /output/stage/usr/include/libssc
Installing /output/work/libssc/mocking/ssc_server/qmi.py to /output/stage/usr/lib/python3/dist-packages/ssc_server
Installing /output/work/libssc/mocking/ssc_server/ssc.py to /output/stage/usr/lib/python3/dist-packages/ssc_server
Installing /output/work/libssc-build/mocking/ssc_server/ssc-server to /output/stage/usr/libexec/installed-tests/libssc
Installing /output/work/libssc/mocking/ssc_server/data/sensor-accelerometer.json to /output/stage/usr/lib/python3/dist-packages/ssc_server/data
Installing /output/work/libssc/mocking/ssc_server/data/sensor-magnetometer.json to /output/stage/usr/lib/python3/dist-packages/ssc_server/data
Installing /output/work/libssc/mocking/ssc_server/data/sensor-proximity.json to /output/stage/usr/lib/python3/dist-packages/ssc_server/data
Installing /output/work/libssc/mocking/ssc_server/data/sensor-rotationvector.json to /output/stage/usr/lib/python3/dist-packages/ssc_server/data
Installing /output/work/libssc/mocking/ssc_server/data/sensor-light.json to /output/stage/usr/lib/python3/dist-packages/ssc_server/data
Installing /output/work/libssc/mocking/ssc_server/data/sensor-no-sample-rate.json to /output/stage/usr/lib/python3/dist-packages/ssc_server/data
Installing /output/work/libssc/mocking/ssc_server/data/sensor-registry.json to /output/stage/usr/lib/python3/dist-packages/ssc_server/data
Installing /output/work/libssc/mocking/ssc_server/data/sensor-unavailable.json to /output/stage/usr/lib/python3/dist-packages/ssc_server/data
Installing /output/work/libssc-build/src/libssc-version-private.h to /output/stage/usr/include/libssc
Installing /output/work/libssc-build/meson-private/libssc.pc to /output/stage/usr/lib/aarch64-linux-gnu/pkgconfig
Installing symlink pointing to libssc.so.2 to /output/stage/usr/lib/aarch64-linux-gnu/libssc.so
Running custom install script '/usr/bin/python3 /output/work/libssc-build/meson-private/pycompile.py python-3.13-installed.json 0'
Traceback (most recent call last):
  File "/fixtures/run_libssc_wait.py", line 26, in <module>
    assert run.returncode == 124, record
           ^^^^^^^^^^^^^^^^^^^^^
AssertionError: {'stage': 'reference', 'case': 'foreign-completion', 'argv': ['timeout', '2', 'qemu-aarch64', '-L', '/usr/aarch64-linux-gnu', '/output/wait-reference', 'foreign-completion'], 'returncode': 0, 'stdout': '{"polls":1,"zero_polls":0,"foreign_polls":0,"heartbeats":0,"finished":true}\n', 'stderr': ''}
