test_actual_suspend_resume_invalidates_pre_pm_acquisition (test_sm5714_pack_snapshot.PackSnapshotTests.test_actual_suspend_resume_invalidates_pre_pm_acquisition) ... ok
test_admission_pm_fault_removal_and_exhausted_epoch (test_sm5714_pack_snapshot.PackSnapshotTests.test_admission_pm_fault_removal_and_exhausted_epoch) ... ok
test_budget_and_lease_aba_refused (test_sm5714_pack_snapshot.PackSnapshotTests.test_budget_and_lease_aba_refused) ... ok
test_busy_and_missing_provider_do_no_hardware_io (test_sm5714_pack_snapshot.PackSnapshotTests.test_busy_and_missing_provider_do_no_hardware_io) ... ok
test_every_native_io_and_thermistor_error_zeroes_output (test_sm5714_pack_snapshot.PackSnapshotTests.test_every_native_io_and_thermistor_error_zeroes_output) ... ok
test_exact_owned_lease_accepts_pps_without_request_or_control_write (test_sm5714_pack_snapshot.PackSnapshotTests.test_exact_owned_lease_accepts_pps_without_request_or_control_write) ... ok
test_fault_and_post_acquisition_busy_refused (test_sm5714_pack_snapshot.PackSnapshotTests.test_fault_and_post_acquisition_busy_refused) ... ok
test_invalid_voltage_or_pack_thermistor_refused (test_sm5714_pack_snapshot.PackSnapshotTests.test_invalid_voltage_or_pack_thermistor_refused) ... ok
test_lifetime_and_core_lock_boundaries_are_actual_source (test_sm5714_pack_snapshot.PackSnapshotTests.test_lifetime_and_core_lock_boundaries_are_actual_source) ... ok
test_live_presence_attach_ovp_and_watchdog_change_refused (test_sm5714_pack_snapshot.PackSnapshotTests.test_live_presence_attach_ovp_and_watchdog_change_refused) ... ok
test_native_sram_iio_window_and_signed_discharge_current (test_sm5714_pack_snapshot.PackSnapshotTests.test_native_sram_iio_window_and_signed_discharge_current) ... ok
test_null_output_does_not_pin_or_read (test_sm5714_pack_snapshot.PackSnapshotTests.test_null_output_does_not_pin_or_read) ... ok
test_offline_absent_fault_or_cold_pack_is_not_healthy_charging (test_sm5714_pack_snapshot.PackSnapshotTests.test_offline_absent_fault_or_cold_pack_is_not_healthy_charging) ... ok
test_oldest_time_deadline_and_clock_rollback_zero_not_restamped (test_sm5714_pack_snapshot.PackSnapshotTests.test_oldest_time_deadline_and_clock_rollback_zero_not_restamped) ... ok
test_present_property_uses_vendor_status_and_propagates_io_error (test_sm5714_pack_snapshot.PackSnapshotTests.test_present_property_uses_vendor_status_and_propagates_io_error) ... ok
test_publish_refuses_wrapped_identity_or_undrained_readers (test_sm5714_pack_snapshot.PackSnapshotTests.test_publish_refuses_wrapped_identity_or_undrained_readers) ... ok
test_thermal_state_change_invalidates_bundle (test_sm5714_pack_snapshot.PackSnapshotTests.test_thermal_state_change_invalidates_bundle) ... ok
test_unpublish_drains_real_pinned_iio_before_free (test_sm5714_pack_snapshot.PackSnapshotTests.test_unpublish_drains_real_pinned_iio_before_free) ... ok
test_wrong_or_unowned_lease_never_reads_sensor (test_sm5714_pack_snapshot.PackSnapshotTests.test_wrong_or_unowned_lease_never_reads_sensor) ... ok
test_cold_stop_and_hysteresis (test_sm5714_policy.Stage1PolicyTests.test_cold_stop_and_hysteresis) ... ok
test_warm_derate_and_hot_stop (test_sm5714_policy.Stage1PolicyTests.test_warm_derate_and_hot_stop) ... ok
test_cold_hot_and_warm_limits (test_sm5714_charge_safety.ChargeSafetyTests.test_cold_hot_and_warm_limits) ... ok
test_each_io_failure_keeps_q4_open (test_sm5714_charge_safety.ChargeSafetyTests.test_each_io_failure_keeps_q4_open) ... ok
test_missing_temperature_fault_and_full_never_enable_q4 (test_sm5714_charge_safety.ChargeSafetyTests.test_missing_temperature_fault_and_full_never_enable_q4) ... ok
test_plain_dcp_programs_stock_limits_preserving_other_bits (test_sm5714_charge_safety.ChargeSafetyTests.test_plain_dcp_programs_stock_limits_preserving_other_bits) ... ok
test_unknown_source_stays_at_500ma (test_sm5714_charge_safety.ChargeSafetyTests.test_unknown_source_stays_at_500ma) ... ok
test_absence_and_invalid_grants_are_refused_without_io (test_sm5714_switching_ownership.SwitchingOwnershipTests.test_absence_and_invalid_grants_are_refused_without_io) ... ok
test_acquire_checks_off_minimum_and_preserves_fixed_contract (test_sm5714_switching_ownership.SwitchingOwnershipTests.test_acquire_checks_off_minimum_and_preserves_fixed_contract) ... ok
test_actual_poller_detach_and_sensor_fault_revoke_lease (test_sm5714_switching_ownership.SwitchingOwnershipTests.test_actual_poller_detach_and_sensor_fault_revoke_lease) ... ok
test_adopt_revoked_inhibit_cannot_reuse_old_lease (test_sm5714_switching_ownership.SwitchingOwnershipTests.test_adopt_revoked_inhibit_cannot_reuse_old_lease) ... ok
test_async_release_cannot_bypass_suspend_guard (test_sm5714_switching_ownership.SwitchingOwnershipTests.test_async_release_cannot_bypass_suspend_guard) ... ok
test_async_release_does_no_io_and_does_not_claim_q4_already_enabled (test_sm5714_switching_ownership.SwitchingOwnershipTests.test_async_release_does_no_io_and_does_not_claim_q4_already_enabled) ... ok
test_async_release_ordinary_poller_restores_original_ceiling (test_sm5714_switching_ownership.SwitchingOwnershipTests.test_async_release_ordinary_poller_restores_original_ceiling) ... ok
test_async_release_poller_still_fails_closed_on_real_temperature_error (test_sm5714_switching_ownership.SwitchingOwnershipTests.test_async_release_poller_still_fails_closed_on_real_temperature_error) ... ok
test_async_release_refuses_wrong_state_or_lease_without_io (test_sm5714_switching_ownership.SwitchingOwnershipTests.test_async_release_refuses_wrong_state_or_lease_without_io) ... ok
test_async_release_try_only_registry_and_charger_busy (test_sm5714_switching_ownership.SwitchingOwnershipTests.test_async_release_try_only_registry_and_charger_busy) ... ok
test_budget_standby_fault_and_pm_revoke_without_reenable (test_sm5714_switching_ownership.SwitchingOwnershipTests.test_budget_standby_fault_and_pm_revoke_without_reenable) ... ok
test_default_fixed_path_stays_enabled_at_original_current (test_sm5714_switching_ownership.SwitchingOwnershipTests.test_default_fixed_path_stays_enabled_at_original_current) ... ok
test_duplicate_owner_and_wrong_lease_do_no_io (test_sm5714_switching_ownership.SwitchingOwnershipTests.test_duplicate_owner_and_wrong_lease_do_no_io) ... ok
test_duplicate_publish_and_bad_arguments_do_not_replace_companion (test_sm5714_switching_ownership.SwitchingOwnershipTests.test_duplicate_publish_and_bad_arguments_do_not_replace_companion) ... ok
test_every_acquire_transfer_failure_keeps_inhibition_and_fault (test_sm5714_switching_ownership.SwitchingOwnershipTests.test_every_acquire_transfer_failure_keeps_inhibition_and_fault) ... ok
test_every_owned_off_transfer_failure_faults_without_grant (test_sm5714_switching_ownership.SwitchingOwnershipTests.test_every_owned_off_transfer_failure_faults_without_grant) ... ok
test_exact_release_restores_old_fixed_ceiling (test_sm5714_switching_ownership.SwitchingOwnershipTests.test_exact_release_restores_old_fixed_ceiling) ... ok
test_issuer_exhaustion_never_wraps_or_touches_hardware (test_sm5714_switching_ownership.SwitchingOwnershipTests.test_issuer_exhaustion_never_wraps_or_touches_hardware) ... ok
test_off_only_fixed_return_standby_preserves_lease_but_refuses_release (test_sm5714_switching_ownership.SwitchingOwnershipTests.test_off_only_fixed_return_standby_preserves_lease_but_refuses_release) ... ok
test_ordinary_same_numbers_pps_to_fixed_change_revokes_lease (test_sm5714_switching_ownership.SwitchingOwnershipTests.test_ordinary_same_numbers_pps_to_fixed_change_revokes_lease) ... ok
test_owned_9v_pps_cannot_be_released_as_fixed_9v (test_sm5714_switching_ownership.SwitchingOwnershipTests.test_owned_9v_pps_cannot_be_released_as_fixed_9v) ... ok
test_owned_invalid_bounds_encoding_and_kind_inhibit_and_revoke (test_sm5714_switching_ownership.SwitchingOwnershipTests.test_owned_invalid_bounds_encoding_and_kind_inhibit_and_revoke) ... ok
test_owned_pps_budget_keeps_off_then_fixed_restore_can_release (test_sm5714_switching_ownership.SwitchingOwnershipTests.test_owned_pps_budget_keeps_off_then_fixed_restore_can_release) ... ok
test_poll_and_same_budget_callbacks_cannot_reopen_q4 (test_sm5714_switching_ownership.SwitchingOwnershipTests.test_poll_and_same_budget_callbacks_cannot_reopen_q4) ... ok
test_read_only_lease_check_has_no_hardware_side_effects (test_sm5714_switching_ownership.SwitchingOwnershipTests.test_read_only_lease_check_has_no_hardware_side_effects) ... ok
test_rebind_preserves_inhibit_and_issuer_until_verified_release (test_sm5714_switching_ownership.SwitchingOwnershipTests.test_rebind_preserves_inhibit_and_issuer_until_verified_release) ... ok
test_restore_failures_keep_q4_off_and_revoke (test_sm5714_switching_ownership.SwitchingOwnershipTests.test_restore_failures_keep_q4_off_and_revoke) ... ok
test_silent_q4_and_input_write_failures_are_detected (test_sm5714_switching_ownership.SwitchingOwnershipTests.test_silent_q4_and_input_write_failures_are_detected) ... ok
test_stale_pm_fault_and_charge_off_owned_callback_does_no_io (test_sm5714_switching_ownership.SwitchingOwnershipTests.test_stale_pm_fault_and_charge_off_owned_callback_does_no_io) ... ok
test_threaded_poller_and_companion_obey_lock_order_and_inhibit (test_sm5714_switching_ownership.SwitchingOwnershipTests.test_threaded_poller_and_companion_obey_lock_order_and_inhibit) ... ok
test_actual_same_attach_poller_calls_recovery (test_sm5714_program_recovery.ProgramRecoveryTests.test_actual_same_attach_poller_calls_recovery) ... ok
test_aicl_lower_input_is_not_raised (test_sm5714_program_recovery.ProgramRecoveryTests.test_aicl_lower_input_is_not_raised) ... ok
test_deliberate_disable_invalidates_witness (test_sm5714_program_recovery.ProgramRecoveryTests.test_deliberate_disable_invalidates_witness) ... ok
test_detach_during_recovery_refuses_old_program (test_sm5714_program_recovery.ProgramRecoveryTests.test_detach_during_recovery_refuses_old_program) ... ok
test_every_recovery_transfer_error_stays_off_and_preserves_first_error (test_sm5714_program_recovery.ProgramRecoveryTests.test_every_recovery_transfer_error_stays_off_and_preserves_first_error) ... ok
test_fresh_sensor_ovp_watchdog_faults_fail_closed (test_sm5714_program_recovery.ProgramRecoveryTests.test_fresh_sensor_ovp_watchdog_faults_fail_closed) ... ok
test_intentional_off_states_never_attempt_recovery (test_sm5714_program_recovery.ProgramRecoveryTests.test_intentional_off_states_never_attempt_recovery) ... ok
test_non_typec_path_also_has_sticky_program_fault (test_sm5714_program_recovery.ProgramRecoveryTests.test_non_typec_path_also_has_sticky_program_fault) ... ok
test_recovery_revalidates_contracted_source_budget (test_sm5714_program_recovery.ProgramRecoveryTests.test_recovery_revalidates_contracted_source_budget) ... ok
test_second_drift_latches_across_future_configurations (test_sm5714_program_recovery.ProgramRecoveryTests.test_second_drift_latches_across_future_configurations) ... ok
test_silent_program_write_is_detected_by_readback (test_sm5714_program_recovery.ProgramRecoveryTests.test_silent_program_write_is_detected_by_readback) ... ok
test_test307_drift_restores_only_existing_sdp_limits_and_float (test_sm5714_program_recovery.ProgramRecoveryTests.test_test307_drift_restores_only_existing_sdp_limits_and_float) ... ok
test_thermal_stop_and_full_are_intentional_off (test_sm5714_program_recovery.ProgramRecoveryTests.test_thermal_stop_and_full_are_intentional_off) ... ok
test_unacknowledged_off_is_not_claimed_safe (test_sm5714_program_recovery.ProgramRecoveryTests.test_unacknowledged_off_is_not_claimed_safe) ... ok
test_unchanged_program_reads_four_controls_without_writes (test_sm5714_program_recovery.ProgramRecoveryTests.test_unchanged_program_reads_four_controls_without_writes) ... ok
test_9v_three_amp_offer_draws_at_most_1500ma (test_sm5714_stage2_pd.Stage2ChargeTests.test_9v_three_amp_offer_draws_at_most_1500ma) ... ok
test_contract_current_is_respected (test_sm5714_stage2_pd.Stage2ChargeTests.test_contract_current_is_respected) ... ok
test_pd_program_readback_faults_never_enable_q4 (test_sm5714_stage2_pd.Stage2ChargeTests.test_pd_program_readback_faults_never_enable_q4) ... ok
test_same_thermal_limits_and_float (test_sm5714_stage2_pd.Stage2ChargeTests.test_same_thermal_limits_and_float) ... ok
test_tcpm_off_and_suspend_inhibit_async_charge (test_sm5714_stage2_pd.Stage2ChargeTests.test_tcpm_off_and_suspend_inhibit_async_charge) ... ok
test_zero_and_subminimum_standby_budget_open_q4 (test_sm5714_stage2_pd.Stage2ChargeTests.test_zero_and_subminimum_standby_budget_open_q4) ... ok
test_first_fault_survives_enable_and_rebind (test_sm5714_stage2_pd.Stage2CompanionTests.test_first_fault_survives_enable_and_rebind) ... ok
test_grant_preserved_actual_draw_capped (test_sm5714_stage2_pd.Stage2CompanionTests.test_grant_preserved_actual_draw_capped) ... ok
test_invalid_voltage_latches_off (test_sm5714_stage2_pd.Stage2CompanionTests.test_invalid_voltage_latches_off) ... ok
test_not_ready_supplier_defers_without_pointer_access (test_sm5714_stage2_pd.Stage2CompanionTests.test_not_ready_supplier_defers_without_pointer_access) ... ok
test_pending_probe_claim_keeps_retained_high_input_inhibited (test_sm5714_stage2_pd.Stage2CompanionTests.test_pending_probe_claim_keeps_retained_high_input_inhibited) ... ok
test_program_failure_stays_inhibited_after_io_recovers (test_sm5714_stage2_pd.Stage2CompanionTests.test_program_failure_stays_inhibited_after_io_recovers) ... ok
test_suspended_callback_cannot_reenable (test_sm5714_stage2_pd.Stage2CompanionTests.test_suspended_callback_cannot_reenable) ... ok
test_zero_budget_and_explicit_charge_off (test_sm5714_stage2_pd.Stage2CompanionTests.test_zero_budget_and_explicit_charge_off) ... ok
test_build_default_gate_does_not_reject_separate_diagnostic_delta (test_sm5714_stage2_pd.Stage2ConfigTests.test_build_default_gate_does_not_reject_separate_diagnostic_delta) ... ok
test_dcc_and_other_hardware_changes_fail (test_sm5714_stage2_pd.Stage2ConfigTests.test_dcc_and_other_hardware_changes_fail) ... ok
test_every_test254_prerequisite_stays_builtin (test_sm5714_stage2_pd.Stage2ConfigTests.test_every_test254_prerequisite_stays_builtin) ... ok
test_exact_one_symbol_delta (test_sm5714_stage2_pd.Stage2ConfigTests.test_exact_one_symbol_delta) ... ok
test_forbidden_features_and_missing_transport_fail (test_sm5714_stage2_pd.Stage2ConfigTests.test_forbidden_features_and_missing_transport_fail) ... ok
test_fragment_and_default_build_gate (test_sm5714_stage2_pd.Stage2ConfigTests.test_fragment_and_default_build_gate) ... ok
test_kbuild_no_core_patch_or_advanced_transport (test_sm5714_stage2_pd.Stage2ConfigTests.test_kbuild_no_core_patch_or_advanced_transport) ... ok
test_minimum_sink_topology (test_sm5714_stage2_pd.Stage2ConfigTests.test_minimum_sink_topology) ... ok
test_stage2_probe_inhibited_before_tcpc_claim (test_sm5714_stage2_pd.Stage2ConfigTests.test_stage2_probe_inhibited_before_tcpc_claim) ... ok
test_cap_mismatch_does_not_exceed_source_operating_current (test_sm5714_stage2_pd.Stage2TransportTests.test_cap_mismatch_does_not_exceed_source_operating_current) ... ok
test_cc_polarity_and_rp_levels (test_sm5714_stage2_pd.Stage2TransportTests.test_cc_polarity_and_rp_levels) ... ok
test_each_init_transfer_failure_latches_charge_off (test_sm5714_stage2_pd.Stage2TransportTests.test_each_init_transfer_failure_latches_charge_off) ... ok
test_failed_level_irq_clear_disables_irq_and_charge (test_sm5714_stage2_pd.Stage2TransportTests.test_failed_level_irq_clear_disables_irq_and_charge) ... ok
test_fixed_request_voltage_and_current_guard (test_sm5714_stage2_pd.Stage2TransportTests.test_fixed_request_voltage_and_current_guard) ... ok
test_hard_reset_completion_and_error_precedence (test_sm5714_stage2_pd.Stage2TransportTests.test_hard_reset_completion_and_error_precedence) ... ok
test_host_source_vconn_and_vbus_rejected (test_sm5714_stage2_pd.Stage2TransportTests.test_host_source_vconn_and_vbus_rejected) ... ok
test_init_sink_only_and_header_bits_preserved (test_sm5714_stage2_pd.Stage2TransportTests.test_init_sink_only_and_header_bits_preserved) ... ok
test_local_source_accessory_states_not_accepted (test_sm5714_stage2_pd.Stage2TransportTests.test_local_source_accessory_states_not_accepted) ... ok
test_only_rd_and_open_allowed (test_sm5714_stage2_pd.Stage2TransportTests.test_only_rd_and_open_allowed) ... ok
test_rx_sop_delivered_and_cable_frames_ignored (test_sm5714_stage2_pd.Stage2TransportTests.test_rx_sop_delivered_and_cable_frames_ignored) ... ok
test_rx_transfer_failures_do_not_deliver_partial_frames (test_sm5714_stage2_pd.Stage2TransportTests.test_rx_transfer_failures_do_not_deliver_partial_frames) ... ok
test_bad_parameters_do_not_touch_providers (test_x710_pd_session.PdSessionTests.test_bad_parameters_do_not_touch_providers) ... ok
test_cancellation_at_each_operation_never_arms_again (test_x710_pd_session.PdSessionTests.test_cancellation_at_each_operation_never_arms_again) ... ok
test_compiled_only_by_explicit_policy_profile (test_x710_pd_session.PdSessionTests.test_compiled_only_by_explicit_policy_profile) ... ok
test_each_provider_failure_preserves_error_and_stops (test_x710_pd_session.PdSessionTests.test_each_provider_failure_preserves_error_and_stops) ... ok
test_existing_adc_timeout_and_fault_are_not_waived (test_x710_pd_session.PdSessionTests.test_existing_adc_timeout_and_fault_are_not_waived) ... ok
test_failed_native_cleanup_is_not_retried_by_consumer (test_x710_pd_session.PdSessionTests.test_failed_native_cleanup_is_not_retried_by_consumer) ... ok
test_fixed_physical_mismatch_does_not_release (test_x710_pd_session.PdSessionTests.test_fixed_physical_mismatch_does_not_release) ... ok
test_native_pack_identity_attachment_charge_and_lease_are_required (test_x710_pd_session.PdSessionTests.test_native_pack_identity_attachment_charge_and_lease_are_required) ... ok
test_pack_property_ranges_fail_closed (test_x710_pd_session.PdSessionTests.test_pack_property_ranges_fail_closed) ... ok
test_physical_off_voltage_current_die_pack_refusals (test_x710_pd_session.PdSessionTests.test_physical_off_voltage_current_die_pack_refusals) ... ok
test_pm_actions_and_failed_init_do_not_autostart (test_x710_pd_session.PdSessionTests.test_pm_actions_and_failed_init_do_not_autostart) ... ok
test_pps_physical_mismatch_is_not_logical_success (test_x710_pd_session.PdSessionTests.test_pps_physical_mismatch_is_not_logical_success) ... ok
test_pps_result_identity_is_checked_before_physical_acceptance (test_x710_pd_session.PdSessionTests.test_pps_result_identity_is_checked_before_physical_acceptance) ... ok
test_preflight_unsupported_source_never_acquires (test_x710_pd_session.PdSessionTests.test_preflight_unsupported_source_never_acquires) ... ok
test_quiescing_and_unresolved_state_do_not_start (test_x710_pd_session.PdSessionTests.test_quiescing_and_unresolved_state_do_not_start) ... ok
test_real_consumer_roundtrip_and_checked_release (test_x710_pd_session.PdSessionTests.test_real_consumer_roundtrip_and_checked_release) ... ok
test_real_mutex_serialization_and_pm_drain_during_pps (test_x710_pd_session.PdSessionTests.test_real_mutex_serialization_and_pm_drain_during_pps) ... ok
test_slow_pack_acquisition_refuses_oldest_time (test_x710_pd_session.PdSessionTests.test_slow_pack_acquisition_refuses_oldest_time) ... ok
test_source_changes_at_each_operation_cannot_release_old_owner (test_x710_pd_session.PdSessionTests.test_source_changes_at_each_operation_cannot_release_old_owner) ... ok
test_stale_future_zero_adc_refused_before_ownership (test_x710_pd_session.PdSessionTests.test_stale_future_zero_adc_refused_before_ownership) ... ok
test_successful_native_cleanup_can_release_without_hiding_first_error (test_x710_pd_session.PdSessionTests.test_successful_native_cleanup_can_release_without_hiding_first_error) ... ok
test_unexpected_fixed_fallback_voltage_keeps_inhibited (test_x710_pd_session.PdSessionTests.test_unexpected_fixed_fallback_voltage_keeps_inhibited) ... ok
test_already_owned_unchanged_pair_requests_a_real_refresh (test_sm5714_owned_pps.OwnedPpsTests.test_already_owned_unchanged_pair_requests_a_real_refresh) ... ok
test_automatic_rdo_current_increase_is_rejected_before_i2c (test_sm5714_owned_pps.OwnedPpsTests.test_automatic_rdo_current_increase_is_rejected_before_i2c) ... ok
test_bounded_but_unrequested_voltage_is_rejected (test_sm5714_owned_pps.OwnedPpsTests.test_bounded_but_unrequested_voltage_is_rejected) ... ok
test_bounds_steps_power_and_missing_operating_power_do_not_write (test_sm5714_owned_pps.OwnedPpsTests.test_bounds_steps_power_and_missing_operating_power_do_not_write) ... ok
test_callback_cannot_publish_budget_other_than_actual_request (test_sm5714_owned_pps.OwnedPpsTests.test_callback_cannot_publish_budget_other_than_actual_request) ... ok
test_callback_generation_race_and_owned_hardware_error_refuse (test_sm5714_owned_pps.OwnedPpsTests.test_callback_generation_race_and_owned_hardware_error_refuse) ... ok
test_cleanup_error_does_not_replace_first_failure (test_sm5714_owned_pps.OwnedPpsTests.test_cleanup_error_does_not_replace_first_failure) ... ok
test_each_property_failure_zero_output_and_clears_failed_owner (test_sm5714_owned_pps.OwnedPpsTests.test_each_property_failure_zero_output_and_clears_failed_owner) ... ok
test_each_setter_timeout_preserves_first_error_and_no_retry (test_sm5714_owned_pps.OwnedPpsTests.test_each_setter_timeout_preserves_first_error_and_no_retry) ... ok
test_each_transport_transfer_failure_faults_and_keeps_inhibited (test_sm5714_owned_pps.OwnedPpsTests.test_each_transport_transfer_failure_faults_and_keeps_inhibited) ... ok
test_explicit_fixed_restore_with_transitional_old_voltage_keeps_off (test_sm5714_owned_pps.OwnedPpsTests.test_explicit_fixed_restore_with_transitional_old_voltage_keeps_off) ... ok
test_inconsistent_properties_attempt_one_fixed_cleanup_preserving_error (test_sm5714_owned_pps.OwnedPpsTests.test_inconsistent_properties_attempt_one_fixed_cleanup_preserving_error) ... ok
test_initial_current_first_then_voltage_and_real_rdo_callbacks (test_sm5714_owned_pps.OwnedPpsTests.test_initial_current_first_then_voltage_and_real_rdo_callbacks) ... ok
test_lease_loss_before_each_critical_operation_cancels (test_sm5714_owned_pps.OwnedPpsTests.test_lease_loss_before_each_critical_operation_cancels) ... ok
test_oversized_source_cache_and_avs_reserved_apdo_do_not_write (test_sm5714_owned_pps.OwnedPpsTests.test_oversized_source_cache_and_avs_reserved_apdo_do_not_write) ... ok
test_pm_pending_fault_remove_exhaustion_and_bad_inputs_do_not_write (test_sm5714_owned_pps.OwnedPpsTests.test_pm_pending_fault_remove_exhaustion_and_bad_inputs_do_not_write) ... ok
test_pps_permission_closes_after_api_and_unsolicited_refresh_is_refused (test_sm5714_owned_pps.OwnedPpsTests.test_pps_permission_closes_after_api_and_unsolicited_refresh_is_refused) ... ok
test_source_change_and_disappearance_do_not_cleanup_new_source (test_sm5714_owned_pps.OwnedPpsTests.test_source_change_and_disappearance_do_not_cleanup_new_source) ... ok
test_source_forget_invalidates_window (test_sm5714_owned_pps.OwnedPpsTests.test_source_forget_invalidates_window) ... ok
test_stale_restorer_cannot_revoke_newer_owner (test_sm5714_owned_pps.OwnedPpsTests.test_stale_restorer_cannot_revoke_newer_owner) ... ok
test_target_seed_voltage_needs_only_activation_and_current (test_sm5714_owned_pps.OwnedPpsTests.test_target_seed_voltage_needs_only_activation_and_current) ... ok
test_unpublish_drains_blocking_operation_before_resources (test_sm5714_owned_pps.OwnedPpsTests.test_unpublish_drains_blocking_operation_before_resources) ... ok
test_voltage_first_when_lower_current_intermediate_lacks_operating_power (test_sm5714_owned_pps.OwnedPpsTests.test_voltage_first_when_lower_current_intermediate_lacks_operating_power) ... ok
test_wrong_identity_lease_and_capabilities_do_not_write (test_sm5714_owned_pps.OwnedPpsTests.test_wrong_identity_lease_and_capabilities_do_not_write) ... ok
test_every_getter_error_propagates_without_mutation (test_sm5714_owned_observer.OwnedObserverTests.test_every_getter_error_propagates_without_mutation) ... ok
test_fixed_capability_and_malformed_or_inactive_pps_are_not_active_proof (test_sm5714_owned_observer.OwnedObserverTests.test_fixed_capability_and_malformed_or_inactive_pps_are_not_active_proof) ... ok
test_integrated_api_is_readonly_and_preserves_fixed_wrapper (test_sm5714_owned_observer.OwnedObserverTests.test_integrated_api_is_readonly_and_preserves_fixed_wrapper) ... ok
test_invalid_identity_and_null_output_do_no_supplier_io (test_sm5714_owned_observer.OwnedObserverTests.test_invalid_identity_and_null_output_do_no_supplier_io) ... ok
test_lease_check_before_and_after_native_read (test_sm5714_owned_observer.OwnedObserverTests.test_lease_check_before_and_after_native_read) ... ok
test_missing_busy_fault_draining_and_exhausted_provider (test_sm5714_owned_observer.OwnedObserverTests.test_missing_busy_fault_draining_and_exhausted_provider) ... ok
test_native_active_receipt_without_request_or_budget_change (test_sm5714_owned_observer.OwnedObserverTests.test_native_active_receipt_without_request_or_budget_change) ... ok
test_pm_revocation_or_switching_not_inhibited (test_sm5714_owned_observer.OwnedObserverTests.test_pm_revocation_or_switching_not_inhibited) ... ok
test_source_reset_budget_callback_publication_and_clock_change (test_sm5714_owned_observer.OwnedObserverTests.test_source_reset_budget_callback_publication_and_clock_change) ... ok
test_unpublish_drains_actual_pinned_read_and_refuses_removing_source (test_sm5714_owned_observer.OwnedObserverTests.test_unpublish_drains_actual_pinned_read_and_refuses_removing_source) ... ok

----------------------------------------------------------------------
Ran 162 tests in 5.754s

OK
